shard_size = 0 shard_count = 0
Seeding random numbers with system clock 
name: case value: true
Data::m_score_type BLEU
Data::Scorer type from Scorer: BLEU
Loading Data from: run1.scores.dat and run1.features.dat
loading feature data from run1.features.dat
loading score data from run1.scores.dat
Loading Data from: run2.scores.dat and run2.features.dat
loading feature data from run2.features.dat
loading score data from run2.scores.dat
Loading Data from: run3.scores.dat and run3.features.dat
loading feature data from run3.features.dat
loading score data from run3.scores.dat
Loading Data from: run4.scores.dat and run4.features.dat
loading feature data from run4.features.dat
loading score data from run4.scores.dat
Loading Data from: run5.scores.dat and run5.features.dat
loading feature data from run5.features.dat
loading score data from run5.scores.dat
Data loaded : [Wall 1.96189 CPU 1.96158] seconds.
Creating a pool of 1 threads
Best point: 0.117419 0.0931957 0.06723 0.00765825 0.061793 0.0493968 0.00311746 0.0678525 -0.173155 -0.261003 0.0111088 0.0573265 0.0211929 -0.00855098  => 0.784714
Stopping... : [Wall 54.3226 CPU 54.3054] seconds.
