shard_size = 0 shard_count = 0
Seeding random numbers with system clock 
name: case value: true
Data::m_score_type BLEU
Data::Scorer type from Scorer: BLEU
Loading Data from: run1.scores.dat and run1.features.dat
loading feature data from run1.features.dat
loading score data from run1.scores.dat
Loading Data from: run2.scores.dat and run2.features.dat
loading feature data from run2.features.dat
loading score data from run2.scores.dat
Loading Data from: run3.scores.dat and run3.features.dat
loading feature data from run3.features.dat
loading score data from run3.scores.dat
Loading Data from: run4.scores.dat and run4.features.dat
loading feature data from run4.features.dat
loading score data from run4.scores.dat
Data loaded : [Wall 1.5031 CPU 1.50354] seconds.
Creating a pool of 1 threads
Best point: 0.0374867 0.0360012 0.0564075 -0.170117 0.0399125 0.0551142 0.0054906 0.040743 0.0485846 -0.245293 0.188095 -0.0321851 -0.00910237 0.0354674  => 0.691709
Stopping... : [Wall 43.6004 CPU 43.6112] seconds.
