shard_size = 0 shard_count = 0
Seeding random numbers with system clock 
name: case value: true
Data::m_score_type BLEU
Data::Scorer type from Scorer: BLEU
Loading Data from: run1.scores.dat and run1.features.dat
loading feature data from run1.features.dat
loading score data from run1.scores.dat
Loading Data from: run2.scores.dat and run2.features.dat
loading feature data from run2.features.dat
loading score data from run2.scores.dat
Loading Data from: run3.scores.dat and run3.features.dat
loading feature data from run3.features.dat
loading score data from run3.scores.dat
Loading Data from: run4.scores.dat and run4.features.dat
loading feature data from run4.features.dat
loading score data from run4.scores.dat
Loading Data from: run5.scores.dat and run5.features.dat
loading feature data from run5.features.dat
loading score data from run5.scores.dat
Data loaded : [Wall 1.84751 CPU 1.8479] seconds.
Creating a pool of 1 threads
Best point: 0.0255415 0.0370218 0.0580066 -0.17494 0.041044 0.0566767 0.00564626 0.041898 0.049962 -0.252247 0.18618 -0.0250029 -0.00936042 0.0364729  => 0.695089
Stopping... : [Wall 50.746 CPU 50.7567] seconds.
