Unescaped left brace in regex is passed through in regex; marked by <-- HERE in m/^\[([^:]+):{ <-- HERE (\S+)}:(\S+)\]$/ at /home/lawun330/NLP/ubuntu-17.04/moses/scripts/ems/experiment.perl line 626.
STARTING UP AS PROCESS 39725 ON ROG-Strix-Hero-II AT Fri May 22 04:19:08 AM +07 2026
LOAD CONFIG...
working directory is /home/lawun330/Desktop/basic-statistical-machine-translation/baseline2/my-ph
find: ‘/home/lawun330/Desktop/basic-statistical-machine-translation/baseline2/my-ph/steps’: No such file or directory
running experimental run number 1

ESTABLISH WHICH STEPS NEED TO BE RUN

FIND DEPENDENCIES BETWEEN STEPS

CHECKING IF OLD STEPS ARE RE-USABLE

STEP SUMMARY:
82 EVALUATION:test:input-from-sgm ->	run
76 CORPUS:myg2p-data:clean ->	run
59 LM:myg2p-data:train ->	run
56 LM:myg2p-data:binarize ->	run
55 TRAINING:consolidate ->	run
54 TRAINING:prepare-data ->	run
53 TRAINING:run-giza ->	run
52 TRAINING:run-giza-inverse ->	run
51 TRAINING:symmetrize-giza ->	run
50 TRAINING:build-lex-trans ->	run
47 TRAINING:extract-phrases ->	run
46 TRAINING:build-reordering ->	run
45 TRAINING:build-ttable ->	run
42 TRAINING:create-config ->	run
27 TUNING:filter ->	run
26 TUNING:apply-filter ->	run
25 TUNING:tune ->	run
24 TUNING:apply-weights ->	run
18 EVALUATION:test:filter ->	run
17 EVALUATION:test:apply-filter ->	run
16 EVALUATION:test:decode ->	run
15 EVALUATION:test:remove-markup ->	run
11 EVALUATION:test:wrap ->	run
10 EVALUATION:test:reference-from-sgm ->	run
5 EVALUATION:test:nist-bleu ->	run
4 EVALUATION:test:nist-bleu-c ->	run
3 EVALUATION:test:multi-bleu ->	run
2 EVALUATION:test:analysis-coverage ->	run
1 EVALUATION:test:analysis-precision ->	run
0 REPORTING:report ->	run

EXECUTE STEPS
number of steps doable or running: 4 at Fri May 22 04:19:08 AM +07 2026
	doable: LM:myg2p-data:train
	doable: CORPUS:myg2p-data:clean
	doable: EVALUATION:test:input-from-sgm
	doable: EVALUATION:test:reference-from-sgm
	executing /home/lawun330/Desktop/basic-statistical-machine-translation/baseline2/my-ph/steps/1/LM_myg2p-data_train.1 via sh (1 active)
	executing /home/lawun330/Desktop/basic-statistical-machine-translation/baseline2/my-ph/steps/1/CORPUS_myg2p-data_clean.1 via sh (2 active)
number of steps doable or running: 4 at Fri May 22 04:19:21 AM +07 2026
	doable: TRAINING:consolidate
	doable: EVALUATION:test:input-from-sgm
	doable: LM:myg2p-data:binarize
	doable: EVALUATION:test:reference-from-sgm
	executing /home/lawun330/Desktop/basic-statistical-machine-translation/baseline2/my-ph/steps/1/TRAINING_consolidate.1 via sh (1 active)
	executing /home/lawun330/Desktop/basic-statistical-machine-translation/baseline2/my-ph/steps/1/EVALUATION_test_input-from-sgm.1 via sh (2 active)
number of steps doable or running: 3 at Fri May 22 04:19:33 AM +07 2026
	doable: TRAINING:prepare-data
	doable: LM:myg2p-data:binarize
	doable: EVALUATION:test:reference-from-sgm
	executing /home/lawun330/Desktop/basic-statistical-machine-translation/baseline2/my-ph/steps/1/TRAINING_prepare-data.1 via sh (1 active)
	executing /home/lawun330/Desktop/basic-statistical-machine-translation/baseline2/my-ph/steps/1/LM_myg2p-data_binarize.1 via sh (2 active)
number of steps doable or running: 3 at Fri May 22 04:19:45 AM +07 2026
	doable: EVALUATION:test:reference-from-sgm
	doable: TRAINING:run-giza-inverse
	doable: TRAINING:run-giza
	executing /home/lawun330/Desktop/basic-statistical-machine-translation/baseline2/my-ph/steps/1/EVALUATION_test_reference-from-sgm.1 via sh (1 active)
	executing /home/lawun330/Desktop/basic-statistical-machine-translation/baseline2/my-ph/steps/1/TRAINING_run-giza-inverse.1 via sh (2 active)
number of steps doable or running: 1 at Fri May 22 04:19:58 AM +07 2026
	doable: TRAINING:run-giza
	executing /home/lawun330/Desktop/basic-statistical-machine-translation/baseline2/my-ph/steps/1/TRAINING_run-giza.1 via sh (1 active)
number of steps doable or running: 1 at Fri May 22 04:20:05 AM +07 2026
	doable: TRAINING:symmetrize-giza
	executing /home/lawun330/Desktop/basic-statistical-machine-translation/baseline2/my-ph/steps/1/TRAINING_symmetrize-giza.1 via sh (1 active)
number of steps doable or running: 2 at Fri May 22 04:20:12 AM +07 2026
	doable: TRAINING:extract-phrases
	doable: TRAINING:build-lex-trans
	executing /home/lawun330/Desktop/basic-statistical-machine-translation/baseline2/my-ph/steps/1/TRAINING_extract-phrases.1 via sh (1 active)
	executing /home/lawun330/Desktop/basic-statistical-machine-translation/baseline2/my-ph/steps/1/TRAINING_build-lex-trans.1 via sh (2 active)
number of steps doable or running: 2 at Fri May 22 04:20:25 AM +07 2026
	doable: TRAINING:build-ttable
	doable: TRAINING:build-reordering
	executing /home/lawun330/Desktop/basic-statistical-machine-translation/baseline2/my-ph/steps/1/TRAINING_build-ttable.1 via sh (1 active)
	executing /home/lawun330/Desktop/basic-statistical-machine-translation/baseline2/my-ph/steps/1/TRAINING_build-reordering.1 via sh (2 active)
number of steps doable or running: 4 at Fri May 22 04:20:37 AM +07 2026
	doable: TUNING:filter
	doable: TRAINING:create-config
	doable: EVALUATION:test:filter
	doable: EVALUATION:test:analysis-coverage
	executing /home/lawun330/Desktop/basic-statistical-machine-translation/baseline2/my-ph/steps/1/TUNING_filter.1 via sh (1 active)
	executing /home/lawun330/Desktop/basic-statistical-machine-translation/baseline2/my-ph/steps/1/TRAINING_create-config.1 via sh (2 active)
number of steps doable or running: 3 at Fri May 22 04:20:50 AM +07 2026
	doable: TUNING:apply-filter
	doable: EVALUATION:test:analysis-coverage
	doable: EVALUATION:test:filter
	executing /home/lawun330/Desktop/basic-statistical-machine-translation/baseline2/my-ph/steps/1/TUNING_apply-filter.1 via sh (1 active)
	executing /home/lawun330/Desktop/basic-statistical-machine-translation/baseline2/my-ph/steps/1/EVALUATION_test_analysis-coverage.1 via sh (2 active)
number of steps doable or running: 2 at Fri May 22 04:21:02 AM +07 2026
	doable: EVALUATION:test:filter
	doable: TUNING:tune
	executing /home/lawun330/Desktop/basic-statistical-machine-translation/baseline2/my-ph/steps/1/EVALUATION_test_filter.1 via sh (1 active)
	executing /home/lawun330/Desktop/basic-statistical-machine-translation/baseline2/my-ph/steps/1/TUNING_tune.1 via sh (2 active)
number of steps doable or running: 1 at Fri May 22 04:21:14 AM +07 2026
	running: TUNING:tune
number of steps doable or running: 1 at Fri May 22 04:23:15 AM +07 2026
	doable: TUNING:apply-weights
	executing /home/lawun330/Desktop/basic-statistical-machine-translation/baseline2/my-ph/steps/1/TUNING_apply-weights.1 via sh (1 active)
number of steps doable or running: 1 at Fri May 22 04:23:22 AM +07 2026
	doable: EVALUATION:test:apply-filter
	executing /home/lawun330/Desktop/basic-statistical-machine-translation/baseline2/my-ph/steps/1/EVALUATION_test_apply-filter.1 via sh (1 active)
number of steps doable or running: 1 at Fri May 22 04:23:30 AM +07 2026
	doable: EVALUATION:test:decode
	executing /home/lawun330/Desktop/basic-statistical-machine-translation/baseline2/my-ph/steps/1/EVALUATION_test_decode.1 via sh (1 active)
number of steps doable or running: 1 at Fri May 22 04:23:37 AM +07 2026
	doable: EVALUATION:test:remove-markup
	executing /home/lawun330/Desktop/basic-statistical-machine-translation/baseline2/my-ph/steps/1/EVALUATION_test_remove-markup.1 via sh (1 active)
number of steps doable or running: 3 at Fri May 22 04:23:44 AM +07 2026
	doable: EVALUATION:test:multi-bleu
	doable: EVALUATION:test:analysis-precision
	doable: EVALUATION:test:wrap
	executing /home/lawun330/Desktop/basic-statistical-machine-translation/baseline2/my-ph/steps/1/EVALUATION_test_multi-bleu.1 via sh (1 active)
	executing /home/lawun330/Desktop/basic-statistical-machine-translation/baseline2/my-ph/steps/1/EVALUATION_test_analysis-precision.1 via sh (2 active)
number of steps doable or running: 1 at Fri May 22 04:23:57 AM +07 2026
	doable: EVALUATION:test:wrap
	executing /home/lawun330/Desktop/basic-statistical-machine-translation/baseline2/my-ph/steps/1/EVALUATION_test_wrap.1 via sh (1 active)
number of steps doable or running: 2 at Fri May 22 04:24:04 AM +07 2026
	doable: EVALUATION:test:nist-bleu
	doable: EVALUATION:test:nist-bleu-c
	executing /home/lawun330/Desktop/basic-statistical-machine-translation/baseline2/my-ph/steps/1/EVALUATION_test_nist-bleu.1 via sh (1 active)
	executing /home/lawun330/Desktop/basic-statistical-machine-translation/baseline2/my-ph/steps/1/EVALUATION_test_nist-bleu-c.1 via sh (2 active)
number of steps doable or running: 1 at Fri May 22 04:24:16 AM +07 2026
	doable: REPORTING:report
	executing /home/lawun330/Desktop/basic-statistical-machine-translation/baseline2/my-ph/steps/1/REPORTING_report.1 via sh (1 active)
number of steps doable or running: 0 at Fri May 22 04:24:24 AM +07 2026
Unescaped left brace in regex is passed through in regex; marked by <-- HERE in m/^\[([^:]+):{ <-- HERE (\S+)}:(\S+)\]$/ at /home/lawun330/NLP/ubuntu-17.04/moses/scripts/ems/experiment.perl line 626.
STARTING UP AS PROCESS 41466 ON ROG-Strix-Hero-II AT Fri May 22 04:24:24 AM +07 2026
LOAD CONFIG...
working directory is /home/lawun330/Desktop/basic-statistical-machine-translation/baseline2/ph-my
find: ‘/home/lawun330/Desktop/basic-statistical-machine-translation/baseline2/ph-my/steps’: No such file or directory
running experimental run number 1

ESTABLISH WHICH STEPS NEED TO BE RUN

FIND DEPENDENCIES BETWEEN STEPS

CHECKING IF OLD STEPS ARE RE-USABLE

STEP SUMMARY:
82 EVALUATION:test:input-from-sgm ->	run
76 CORPUS:myg2p-data:clean ->	run
59 LM:myg2p-data:train ->	run
56 LM:myg2p-data:binarize ->	run
55 TRAINING:consolidate ->	run
54 TRAINING:prepare-data ->	run
53 TRAINING:run-giza ->	run
52 TRAINING:run-giza-inverse ->	run
51 TRAINING:symmetrize-giza ->	run
50 TRAINING:build-lex-trans ->	run
47 TRAINING:extract-phrases ->	run
46 TRAINING:build-reordering ->	run
45 TRAINING:build-ttable ->	run
42 TRAINING:create-config ->	run
27 TUNING:filter ->	run
26 TUNING:apply-filter ->	run
25 TUNING:tune ->	run
24 TUNING:apply-weights ->	run
18 EVALUATION:test:filter ->	run
17 EVALUATION:test:apply-filter ->	run
16 EVALUATION:test:decode ->	run
15 EVALUATION:test:remove-markup ->	run
11 EVALUATION:test:wrap ->	run
10 EVALUATION:test:reference-from-sgm ->	run
5 EVALUATION:test:nist-bleu ->	run
4 EVALUATION:test:nist-bleu-c ->	run
3 EVALUATION:test:multi-bleu ->	run
2 EVALUATION:test:analysis-coverage ->	run
1 EVALUATION:test:analysis-precision ->	run
0 REPORTING:report ->	run

EXECUTE STEPS
number of steps doable or running: 4 at Fri May 22 04:24:25 AM +07 2026
	doable: LM:myg2p-data:train
	doable: EVALUATION:test:input-from-sgm
	doable: CORPUS:myg2p-data:clean
	doable: EVALUATION:test:reference-from-sgm
	executing /home/lawun330/Desktop/basic-statistical-machine-translation/baseline2/ph-my/steps/1/LM_myg2p-data_train.1 via sh (1 active)
	executing /home/lawun330/Desktop/basic-statistical-machine-translation/baseline2/ph-my/steps/1/EVALUATION_test_input-from-sgm.1 via sh (2 active)
number of steps doable or running: 3 at Fri May 22 04:24:37 AM +07 2026
	doable: CORPUS:myg2p-data:clean
	doable: EVALUATION:test:reference-from-sgm
	doable: LM:myg2p-data:binarize
	executing /home/lawun330/Desktop/basic-statistical-machine-translation/baseline2/ph-my/steps/1/CORPUS_myg2p-data_clean.1 via sh (1 active)
	executing /home/lawun330/Desktop/basic-statistical-machine-translation/baseline2/ph-my/steps/1/EVALUATION_test_reference-from-sgm.1 via sh (2 active)
number of steps doable or running: 2 at Fri May 22 04:24:49 AM +07 2026
	doable: LM:myg2p-data:binarize
	doable: TRAINING:consolidate
	executing /home/lawun330/Desktop/basic-statistical-machine-translation/baseline2/ph-my/steps/1/LM_myg2p-data_binarize.1 via sh (1 active)
	executing /home/lawun330/Desktop/basic-statistical-machine-translation/baseline2/ph-my/steps/1/TRAINING_consolidate.1 via sh (2 active)
number of steps doable or running: 1 at Fri May 22 04:25:02 AM +07 2026
	doable: TRAINING:prepare-data
	executing /home/lawun330/Desktop/basic-statistical-machine-translation/baseline2/ph-my/steps/1/TRAINING_prepare-data.1 via sh (1 active)
number of steps doable or running: 2 at Fri May 22 04:25:11 AM +07 2026
	doable: TRAINING:run-giza-inverse
	doable: TRAINING:run-giza
	executing /home/lawun330/Desktop/basic-statistical-machine-translation/baseline2/ph-my/steps/1/TRAINING_run-giza-inverse.1 via sh (1 active)
	executing /home/lawun330/Desktop/basic-statistical-machine-translation/baseline2/ph-my/steps/1/TRAINING_run-giza.1 via sh (2 active)
number of steps doable or running: 1 at Fri May 22 04:25:23 AM +07 2026
	doable: TRAINING:symmetrize-giza
	executing /home/lawun330/Desktop/basic-statistical-machine-translation/baseline2/ph-my/steps/1/TRAINING_symmetrize-giza.1 via sh (1 active)
number of steps doable or running: 2 at Fri May 22 04:25:31 AM +07 2026
	doable: TRAINING:extract-phrases
	doable: TRAINING:build-lex-trans
	executing /home/lawun330/Desktop/basic-statistical-machine-translation/baseline2/ph-my/steps/1/TRAINING_extract-phrases.1 via sh (1 active)
	executing /home/lawun330/Desktop/basic-statistical-machine-translation/baseline2/ph-my/steps/1/TRAINING_build-lex-trans.1 via sh (2 active)
number of steps doable or running: 2 at Fri May 22 04:25:43 AM +07 2026
	doable: TRAINING:build-reordering
	doable: TRAINING:build-ttable
	executing /home/lawun330/Desktop/basic-statistical-machine-translation/baseline2/ph-my/steps/1/TRAINING_build-reordering.1 via sh (1 active)
	executing /home/lawun330/Desktop/basic-statistical-machine-translation/baseline2/ph-my/steps/1/TRAINING_build-ttable.1 via sh (2 active)
number of steps doable or running: 4 at Fri May 22 04:25:56 AM +07 2026
	doable: EVALUATION:test:analysis-coverage
	doable: TUNING:filter
	doable: TRAINING:create-config
	doable: EVALUATION:test:filter
	executing /home/lawun330/Desktop/basic-statistical-machine-translation/baseline2/ph-my/steps/1/EVALUATION_test_analysis-coverage.1 via sh (1 active)
	executing /home/lawun330/Desktop/basic-statistical-machine-translation/baseline2/ph-my/steps/1/TUNING_filter.1 via sh (2 active)
number of steps doable or running: 2 at Fri May 22 04:26:08 AM +07 2026
	doable: TRAINING:create-config
	doable: EVALUATION:test:filter
	executing /home/lawun330/Desktop/basic-statistical-machine-translation/baseline2/ph-my/steps/1/TRAINING_create-config.1 via sh (1 active)
	executing /home/lawun330/Desktop/basic-statistical-machine-translation/baseline2/ph-my/steps/1/EVALUATION_test_filter.1 via sh (2 active)
number of steps doable or running: 1 at Fri May 22 04:26:20 AM +07 2026
	doable: TUNING:apply-filter
	executing /home/lawun330/Desktop/basic-statistical-machine-translation/baseline2/ph-my/steps/1/TUNING_apply-filter.1 via sh (1 active)
number of steps doable or running: 1 at Fri May 22 04:26:28 AM +07 2026
	doable: TUNING:tune
	executing /home/lawun330/Desktop/basic-statistical-machine-translation/baseline2/ph-my/steps/1/TUNING_tune.1 via sh (1 active)
number of steps doable or running: 1 at Fri May 22 04:33:22 AM +07 2026
	doable: TUNING:apply-weights
	executing /home/lawun330/Desktop/basic-statistical-machine-translation/baseline2/ph-my/steps/1/TUNING_apply-weights.1 via sh (1 active)
number of steps doable or running: 1 at Fri May 22 04:33:29 AM +07 2026
	doable: EVALUATION:test:apply-filter
	executing /home/lawun330/Desktop/basic-statistical-machine-translation/baseline2/ph-my/steps/1/EVALUATION_test_apply-filter.1 via sh (1 active)
number of steps doable or running: 1 at Fri May 22 04:33:36 AM +07 2026
	doable: EVALUATION:test:decode
	executing /home/lawun330/Desktop/basic-statistical-machine-translation/baseline2/ph-my/steps/1/EVALUATION_test_decode.1 via sh (1 active)
number of steps doable or running: 1 at Fri May 22 04:33:46 AM +07 2026
	doable: EVALUATION:test:remove-markup
	executing /home/lawun330/Desktop/basic-statistical-machine-translation/baseline2/ph-my/steps/1/EVALUATION_test_remove-markup.1 via sh (1 active)
number of steps doable or running: 3 at Fri May 22 04:33:53 AM +07 2026
	doable: EVALUATION:test:analysis-precision
	doable: EVALUATION:test:multi-bleu
	doable: EVALUATION:test:wrap
	executing /home/lawun330/Desktop/basic-statistical-machine-translation/baseline2/ph-my/steps/1/EVALUATION_test_analysis-precision.1 via sh (1 active)
	executing /home/lawun330/Desktop/basic-statistical-machine-translation/baseline2/ph-my/steps/1/EVALUATION_test_multi-bleu.1 via sh (2 active)
number of steps doable or running: 1 at Fri May 22 04:34:05 AM +07 2026
	doable: EVALUATION:test:wrap
	executing /home/lawun330/Desktop/basic-statistical-machine-translation/baseline2/ph-my/steps/1/EVALUATION_test_wrap.1 via sh (1 active)
number of steps doable or running: 2 at Fri May 22 04:34:13 AM +07 2026
	doable: EVALUATION:test:nist-bleu
	doable: EVALUATION:test:nist-bleu-c
	executing /home/lawun330/Desktop/basic-statistical-machine-translation/baseline2/ph-my/steps/1/EVALUATION_test_nist-bleu.1 via sh (1 active)
	executing /home/lawun330/Desktop/basic-statistical-machine-translation/baseline2/ph-my/steps/1/EVALUATION_test_nist-bleu-c.1 via sh (2 active)
number of steps doable or running: 1 at Fri May 22 04:34:25 AM +07 2026
	doable: REPORTING:report
	executing /home/lawun330/Desktop/basic-statistical-machine-translation/baseline2/ph-my/steps/1/REPORTING_report.1 via sh (1 active)
number of steps doable or running: 0 at Fri May 22 04:34:32 AM +07 2026
Unescaped left brace in regex is passed through in regex; marked by <-- HERE in m/^\[([^:]+):{ <-- HERE (\S+)}:(\S+)\]$/ at /home/lawun330/NLP/ubuntu-17.04/moses/scripts/ems/experiment.perl line 626.
STARTING UP AS PROCESS 46514 ON ROG-Strix-Hero-II AT Fri May 22 05:38:09 AM +07 2026
LOAD CONFIG...
working directory is /home/lawun330/Desktop/basic-statistical-machine-translation/baseline2/my-ph
running experimental run number 2

ESTABLISH WHICH STEPS NEED TO BE RUN

FIND DEPENDENCIES BETWEEN STEPS

CHECKING IF OLD STEPS ARE RE-USABLE

STEP SUMMARY:
82 EVALUATION:test:input-from-sgm ->	re-using (1)
76 CORPUS:myg2p-data:clean ->	re-using (1)
59 LM:myg2p-data:train ->	run
56 LM:myg2p-data:binarize ->	run
55 TRAINING:consolidate ->	re-using (1)
54 TRAINING:prepare-data ->	re-using (1)
53 TRAINING:run-giza ->	re-using (1)
52 TRAINING:run-giza-inverse ->	re-using (1)
51 TRAINING:symmetrize-giza ->	re-using (1)
50 TRAINING:build-lex-trans ->	re-using (1)
47 TRAINING:extract-phrases ->	re-using (1)
46 TRAINING:build-reordering ->	re-using (1)
45 TRAINING:build-ttable ->	re-using (1)
42 TRAINING:create-config ->	run
27 TUNING:filter ->	re-using (1)
26 TUNING:apply-filter ->	run
25 TUNING:tune ->	run
24 TUNING:apply-weights ->	run
18 EVALUATION:test:filter ->	re-using (1)
17 EVALUATION:test:apply-filter ->	run
16 EVALUATION:test:decode ->	run
15 EVALUATION:test:remove-markup ->	run
11 EVALUATION:test:wrap ->	run
10 EVALUATION:test:reference-from-sgm ->	re-using (1)
5 EVALUATION:test:nist-bleu ->	run
4 EVALUATION:test:nist-bleu-c ->	run
3 EVALUATION:test:multi-bleu ->	run
2 EVALUATION:test:analysis-coverage ->	re-using (1)
1 EVALUATION:test:analysis-precision ->	run
0 REPORTING:report ->	run

EXECUTE STEPS
number of steps doable or running: 1 at Fri May 22 05:38:10 AM +07 2026
	doable: LM:myg2p-data:train
	executing /home/lawun330/Desktop/basic-statistical-machine-translation/baseline2/my-ph/steps/2/LM_myg2p-data_train.2 via sh (1 active)
number of steps doable or running: 1 at Fri May 22 05:38:17 AM +07 2026
	doable: LM:myg2p-data:binarize
	executing /home/lawun330/Desktop/basic-statistical-machine-translation/baseline2/my-ph/steps/2/LM_myg2p-data_binarize.2 via sh (1 active)
number of steps doable or running: 1 at Fri May 22 05:38:25 AM +07 2026
	doable: TRAINING:create-config
	executing /home/lawun330/Desktop/basic-statistical-machine-translation/baseline2/my-ph/steps/2/TRAINING_create-config.2 via sh (1 active)
number of steps doable or running: 1 at Fri May 22 05:38:32 AM +07 2026
	doable: TUNING:apply-filter
	executing /home/lawun330/Desktop/basic-statistical-machine-translation/baseline2/my-ph/steps/2/TUNING_apply-filter.2 via sh (1 active)
number of steps doable or running: 1 at Fri May 22 05:38:39 AM +07 2026
	doable: TUNING:tune
	executing /home/lawun330/Desktop/basic-statistical-machine-translation/baseline2/my-ph/steps/2/TUNING_tune.2 via sh (1 active)
number of steps doable or running: 1 at Fri May 22 05:42:29 AM +07 2026
	doable: TUNING:apply-weights
	executing /home/lawun330/Desktop/basic-statistical-machine-translation/baseline2/my-ph/steps/2/TUNING_apply-weights.2 via sh (1 active)
number of steps doable or running: 1 at Fri May 22 05:42:36 AM +07 2026
	doable: EVALUATION:test:apply-filter
	executing /home/lawun330/Desktop/basic-statistical-machine-translation/baseline2/my-ph/steps/2/EVALUATION_test_apply-filter.2 via sh (1 active)
number of steps doable or running: 1 at Fri May 22 05:42:44 AM +07 2026
	doable: EVALUATION:test:decode
	executing /home/lawun330/Desktop/basic-statistical-machine-translation/baseline2/my-ph/steps/2/EVALUATION_test_decode.2 via sh (1 active)
number of steps doable or running: 1 at Fri May 22 05:42:51 AM +07 2026
	doable: EVALUATION:test:remove-markup
	executing /home/lawun330/Desktop/basic-statistical-machine-translation/baseline2/my-ph/steps/2/EVALUATION_test_remove-markup.2 via sh (1 active)
number of steps doable or running: 3 at Fri May 22 05:42:59 AM +07 2026
	doable: EVALUATION:test:wrap
	doable: EVALUATION:test:analysis-precision
	doable: EVALUATION:test:multi-bleu
	executing /home/lawun330/Desktop/basic-statistical-machine-translation/baseline2/my-ph/steps/2/EVALUATION_test_wrap.2 via sh (1 active)
	executing /home/lawun330/Desktop/basic-statistical-machine-translation/baseline2/my-ph/steps/2/EVALUATION_test_analysis-precision.2 via sh (2 active)
number of steps doable or running: 3 at Fri May 22 05:43:11 AM +07 2026
	doable: EVALUATION:test:multi-bleu
	doable: EVALUATION:test:nist-bleu-c
	doable: EVALUATION:test:nist-bleu
	executing /home/lawun330/Desktop/basic-statistical-machine-translation/baseline2/my-ph/steps/2/EVALUATION_test_multi-bleu.2 via sh (1 active)
	executing /home/lawun330/Desktop/basic-statistical-machine-translation/baseline2/my-ph/steps/2/EVALUATION_test_nist-bleu-c.2 via sh (2 active)
number of steps doable or running: 1 at Fri May 22 05:43:23 AM +07 2026
	doable: EVALUATION:test:nist-bleu
	executing /home/lawun330/Desktop/basic-statistical-machine-translation/baseline2/my-ph/steps/2/EVALUATION_test_nist-bleu.2 via sh (1 active)
number of steps doable or running: 1 at Fri May 22 05:43:31 AM +07 2026
	doable: REPORTING:report
	executing /home/lawun330/Desktop/basic-statistical-machine-translation/baseline2/my-ph/steps/2/REPORTING_report.2 via sh (1 active)
number of steps doable or running: 0 at Fri May 22 05:43:38 AM +07 2026
Unescaped left brace in regex is passed through in regex; marked by <-- HERE in m/^\[([^:]+):{ <-- HERE (\S+)}:(\S+)\]$/ at /home/lawun330/NLP/ubuntu-17.04/moses/scripts/ems/experiment.perl line 626.
STARTING UP AS PROCESS 47700 ON ROG-Strix-Hero-II AT Fri May 22 05:43:38 AM +07 2026
LOAD CONFIG...
working directory is /home/lawun330/Desktop/basic-statistical-machine-translation/baseline2/ph-my
running experimental run number 2

ESTABLISH WHICH STEPS NEED TO BE RUN

FIND DEPENDENCIES BETWEEN STEPS

CHECKING IF OLD STEPS ARE RE-USABLE

STEP SUMMARY:
82 EVALUATION:test:input-from-sgm ->	re-using (1)
76 CORPUS:myg2p-data:clean ->	re-using (1)
59 LM:myg2p-data:train ->	run
56 LM:myg2p-data:binarize ->	run
55 TRAINING:consolidate ->	re-using (1)
54 TRAINING:prepare-data ->	re-using (1)
53 TRAINING:run-giza ->	re-using (1)
52 TRAINING:run-giza-inverse ->	re-using (1)
51 TRAINING:symmetrize-giza ->	re-using (1)
50 TRAINING:build-lex-trans ->	re-using (1)
47 TRAINING:extract-phrases ->	re-using (1)
46 TRAINING:build-reordering ->	re-using (1)
45 TRAINING:build-ttable ->	re-using (1)
42 TRAINING:create-config ->	run
27 TUNING:filter ->	re-using (1)
26 TUNING:apply-filter ->	run
25 TUNING:tune ->	run
24 TUNING:apply-weights ->	run
18 EVALUATION:test:filter ->	re-using (1)
17 EVALUATION:test:apply-filter ->	run
16 EVALUATION:test:decode ->	run
15 EVALUATION:test:remove-markup ->	run
11 EVALUATION:test:wrap ->	run
10 EVALUATION:test:reference-from-sgm ->	re-using (1)
5 EVALUATION:test:nist-bleu ->	run
4 EVALUATION:test:nist-bleu-c ->	run
3 EVALUATION:test:multi-bleu ->	run
2 EVALUATION:test:analysis-coverage ->	re-using (1)
1 EVALUATION:test:analysis-precision ->	run
0 REPORTING:report ->	run

EXECUTE STEPS
number of steps doable or running: 1 at Fri May 22 05:43:39 AM +07 2026
	doable: LM:myg2p-data:train
	executing /home/lawun330/Desktop/basic-statistical-machine-translation/baseline2/ph-my/steps/2/LM_myg2p-data_train.2 via sh (1 active)
number of steps doable or running: 1 at Fri May 22 05:43:46 AM +07 2026
	doable: LM:myg2p-data:binarize
	executing /home/lawun330/Desktop/basic-statistical-machine-translation/baseline2/ph-my/steps/2/LM_myg2p-data_binarize.2 via sh (1 active)
number of steps doable or running: 1 at Fri May 22 05:43:54 AM +07 2026
	doable: TRAINING:create-config
	executing /home/lawun330/Desktop/basic-statistical-machine-translation/baseline2/ph-my/steps/2/TRAINING_create-config.2 via sh (1 active)
number of steps doable or running: 1 at Fri May 22 05:44:01 AM +07 2026
	doable: TUNING:apply-filter
	executing /home/lawun330/Desktop/basic-statistical-machine-translation/baseline2/ph-my/steps/2/TUNING_apply-filter.2 via sh (1 active)
number of steps doable or running: 1 at Fri May 22 05:44:08 AM +07 2026
	doable: TUNING:tune
	executing /home/lawun330/Desktop/basic-statistical-machine-translation/baseline2/ph-my/steps/2/TUNING_tune.2 via sh (1 active)
number of steps doable or running: 1 at Fri May 22 05:49:58 AM +07 2026
	doable: TUNING:apply-weights
	executing /home/lawun330/Desktop/basic-statistical-machine-translation/baseline2/ph-my/steps/2/TUNING_apply-weights.2 via sh (1 active)
number of steps doable or running: 1 at Fri May 22 05:50:06 AM +07 2026
	doable: EVALUATION:test:apply-filter
	executing /home/lawun330/Desktop/basic-statistical-machine-translation/baseline2/ph-my/steps/2/EVALUATION_test_apply-filter.2 via sh (1 active)
number of steps doable or running: 1 at Fri May 22 05:50:13 AM +07 2026
	doable: EVALUATION:test:decode
	executing /home/lawun330/Desktop/basic-statistical-machine-translation/baseline2/ph-my/steps/2/EVALUATION_test_decode.2 via sh (1 active)
number of steps doable or running: 1 at Fri May 22 05:50:22 AM +07 2026
	doable: EVALUATION:test:remove-markup
	executing /home/lawun330/Desktop/basic-statistical-machine-translation/baseline2/ph-my/steps/2/EVALUATION_test_remove-markup.2 via sh (1 active)
number of steps doable or running: 3 at Fri May 22 05:50:30 AM +07 2026
	doable: EVALUATION:test:analysis-precision
	doable: EVALUATION:test:multi-bleu
	doable: EVALUATION:test:wrap
	executing /home/lawun330/Desktop/basic-statistical-machine-translation/baseline2/ph-my/steps/2/EVALUATION_test_analysis-precision.2 via sh (1 active)
	executing /home/lawun330/Desktop/basic-statistical-machine-translation/baseline2/ph-my/steps/2/EVALUATION_test_multi-bleu.2 via sh (2 active)
number of steps doable or running: 1 at Fri May 22 05:50:42 AM +07 2026
	doable: EVALUATION:test:wrap
	executing /home/lawun330/Desktop/basic-statistical-machine-translation/baseline2/ph-my/steps/2/EVALUATION_test_wrap.2 via sh (1 active)
number of steps doable or running: 2 at Fri May 22 05:50:49 AM +07 2026
	doable: EVALUATION:test:nist-bleu
	doable: EVALUATION:test:nist-bleu-c
	executing /home/lawun330/Desktop/basic-statistical-machine-translation/baseline2/ph-my/steps/2/EVALUATION_test_nist-bleu.2 via sh (1 active)
	executing /home/lawun330/Desktop/basic-statistical-machine-translation/baseline2/ph-my/steps/2/EVALUATION_test_nist-bleu-c.2 via sh (2 active)
number of steps doable or running: 1 at Fri May 22 05:51:02 AM +07 2026
	doable: REPORTING:report
	executing /home/lawun330/Desktop/basic-statistical-machine-translation/baseline2/ph-my/steps/2/REPORTING_report.2 via sh (1 active)
number of steps doable or running: 0 at Fri May 22 05:51:09 AM +07 2026
Unescaped left brace in regex is passed through in regex; marked by <-- HERE in m/^\[([^:]+):{ <-- HERE (\S+)}:(\S+)\]$/ at /home/lawun330/NLP/ubuntu-17.04/moses/scripts/ems/experiment.perl line 626.
STARTING UP AS PROCESS 134165 ON ROG-Strix-Hero-II AT Sat May 23 08:16:21 PM +07 2026
LOAD CONFIG...
working directory is /home/lawun330/Desktop/basic-statistical-machine-translation/baseline2/my-ph
running experimental run number 3

ESTABLISH WHICH STEPS NEED TO BE RUN

FIND DEPENDENCIES BETWEEN STEPS

CHECKING IF OLD STEPS ARE RE-USABLE

STEP SUMMARY:
82 EVALUATION:test:input-from-sgm ->	re-using (1)
76 CORPUS:myg2p-data:clean ->	re-using (1)
59 LM:myg2p-data:train ->	re-using (2)
56 LM:myg2p-data:binarize ->	re-using (2)
55 TRAINING:consolidate ->	re-using (1)
54 TRAINING:prepare-data ->	re-using (1)
53 TRAINING:run-giza ->	re-using (1)
52 TRAINING:run-giza-inverse ->	re-using (1)
51 TRAINING:symmetrize-giza ->	re-using (1)
50 TRAINING:build-lex-trans ->	re-using (1)
47 TRAINING:extract-phrases ->	run
46 TRAINING:build-reordering ->	run
45 TRAINING:build-ttable ->	run
42 TRAINING:create-config ->	run
27 TUNING:filter ->	run
26 TUNING:apply-filter ->	run
25 TUNING:tune ->	run
24 TUNING:apply-weights ->	run
18 EVALUATION:test:filter ->	run
17 EVALUATION:test:apply-filter ->	run
16 EVALUATION:test:decode ->	run
15 EVALUATION:test:remove-markup ->	run
11 EVALUATION:test:wrap ->	run
10 EVALUATION:test:reference-from-sgm ->	re-using (1)
5 EVALUATION:test:nist-bleu ->	run
4 EVALUATION:test:nist-bleu-c ->	run
3 EVALUATION:test:multi-bleu ->	run
2 EVALUATION:test:analysis-coverage ->	run
1 EVALUATION:test:analysis-precision ->	run
0 REPORTING:report ->	run

EXECUTE STEPS
number of steps doable or running: 1 at Sat May 23 08:16:22 PM +07 2026
	doable: TRAINING:extract-phrases
	executing /home/lawun330/Desktop/basic-statistical-machine-translation/baseline2/my-ph/steps/3/TRAINING_extract-phrases.3 via sh (1 active)
number of steps doable or running: 2 at Sat May 23 08:16:29 PM +07 2026
	doable: TRAINING:build-ttable
	doable: TRAINING:build-reordering
	executing /home/lawun330/Desktop/basic-statistical-machine-translation/baseline2/my-ph/steps/3/TRAINING_build-ttable.3 via sh (1 active)
	executing /home/lawun330/Desktop/basic-statistical-machine-translation/baseline2/my-ph/steps/3/TRAINING_build-reordering.3 via sh (2 active)
number of steps doable or running: 4 at Sat May 23 08:16:42 PM +07 2026
	doable: EVALUATION:test:filter
	doable: TUNING:filter
	doable: TRAINING:create-config
	doable: EVALUATION:test:analysis-coverage
	executing /home/lawun330/Desktop/basic-statistical-machine-translation/baseline2/my-ph/steps/3/EVALUATION_test_filter.3 via sh (1 active)
	executing /home/lawun330/Desktop/basic-statistical-machine-translation/baseline2/my-ph/steps/3/TUNING_filter.3 via sh (2 active)
number of steps doable or running: 2 at Sat May 23 08:16:54 PM +07 2026
	doable: TRAINING:create-config
	doable: EVALUATION:test:analysis-coverage
	executing /home/lawun330/Desktop/basic-statistical-machine-translation/baseline2/my-ph/steps/3/TRAINING_create-config.3 via sh (1 active)
	executing /home/lawun330/Desktop/basic-statistical-machine-translation/baseline2/my-ph/steps/3/EVALUATION_test_analysis-coverage.3 via sh (2 active)
number of steps doable or running: 1 at Sat May 23 08:17:06 PM +07 2026
	doable: TUNING:apply-filter
	executing /home/lawun330/Desktop/basic-statistical-machine-translation/baseline2/my-ph/steps/3/TUNING_apply-filter.3 via sh (1 active)
number of steps doable or running: 1 at Sat May 23 08:17:14 PM +07 2026
	doable: TUNING:tune
	executing /home/lawun330/Desktop/basic-statistical-machine-translation/baseline2/my-ph/steps/3/TUNING_tune.3 via sh (1 active)
number of steps doable or running: 1 at Sat May 23 08:23:54 PM +07 2026
	doable: TUNING:apply-weights
	executing /home/lawun330/Desktop/basic-statistical-machine-translation/baseline2/my-ph/steps/3/TUNING_apply-weights.3 via sh (1 active)
number of steps doable or running: 1 at Sat May 23 08:24:01 PM +07 2026
	doable: EVALUATION:test:apply-filter
	executing /home/lawun330/Desktop/basic-statistical-machine-translation/baseline2/my-ph/steps/3/EVALUATION_test_apply-filter.3 via sh (1 active)
number of steps doable or running: 1 at Sat May 23 08:24:09 PM +07 2026
	doable: EVALUATION:test:decode
	executing /home/lawun330/Desktop/basic-statistical-machine-translation/baseline2/my-ph/steps/3/EVALUATION_test_decode.3 via sh (1 active)
number of steps doable or running: 1 at Sat May 23 08:24:16 PM +07 2026
	doable: EVALUATION:test:remove-markup
	executing /home/lawun330/Desktop/basic-statistical-machine-translation/baseline2/my-ph/steps/3/EVALUATION_test_remove-markup.3 via sh (1 active)
number of steps doable or running: 3 at Sat May 23 08:24:23 PM +07 2026
	doable: EVALUATION:test:wrap
	doable: EVALUATION:test:analysis-precision
	doable: EVALUATION:test:multi-bleu
	executing /home/lawun330/Desktop/basic-statistical-machine-translation/baseline2/my-ph/steps/3/EVALUATION_test_wrap.3 via sh (1 active)
	executing /home/lawun330/Desktop/basic-statistical-machine-translation/baseline2/my-ph/steps/3/EVALUATION_test_analysis-precision.3 via sh (2 active)
number of steps doable or running: 3 at Sat May 23 08:24:36 PM +07 2026
	doable: EVALUATION:test:nist-bleu-c
	doable: EVALUATION:test:multi-bleu
	doable: EVALUATION:test:nist-bleu
	executing /home/lawun330/Desktop/basic-statistical-machine-translation/baseline2/my-ph/steps/3/EVALUATION_test_nist-bleu-c.3 via sh (1 active)
	executing /home/lawun330/Desktop/basic-statistical-machine-translation/baseline2/my-ph/steps/3/EVALUATION_test_multi-bleu.3 via sh (2 active)
number of steps doable or running: 1 at Sat May 23 08:24:48 PM +07 2026
	doable: EVALUATION:test:nist-bleu
	executing /home/lawun330/Desktop/basic-statistical-machine-translation/baseline2/my-ph/steps/3/EVALUATION_test_nist-bleu.3 via sh (1 active)
number of steps doable or running: 1 at Sat May 23 08:24:55 PM +07 2026
	doable: REPORTING:report
	executing /home/lawun330/Desktop/basic-statistical-machine-translation/baseline2/my-ph/steps/3/REPORTING_report.3 via sh (1 active)
number of steps doable or running: 0 at Sat May 23 08:25:03 PM +07 2026
Unescaped left brace in regex is passed through in regex; marked by <-- HERE in m/^\[([^:]+):{ <-- HERE (\S+)}:(\S+)\]$/ at /home/lawun330/NLP/ubuntu-17.04/moses/scripts/ems/experiment.perl line 626.
STARTING UP AS PROCESS 136206 ON ROG-Strix-Hero-II AT Sat May 23 08:25:03 PM +07 2026
LOAD CONFIG...
working directory is /home/lawun330/Desktop/basic-statistical-machine-translation/baseline2/ph-my
running experimental run number 3

ESTABLISH WHICH STEPS NEED TO BE RUN

FIND DEPENDENCIES BETWEEN STEPS

CHECKING IF OLD STEPS ARE RE-USABLE

STEP SUMMARY:
82 EVALUATION:test:input-from-sgm ->	re-using (1)
76 CORPUS:myg2p-data:clean ->	re-using (1)
59 LM:myg2p-data:train ->	re-using (2)
56 LM:myg2p-data:binarize ->	re-using (2)
55 TRAINING:consolidate ->	re-using (1)
54 TRAINING:prepare-data ->	re-using (1)
53 TRAINING:run-giza ->	re-using (1)
52 TRAINING:run-giza-inverse ->	re-using (1)
51 TRAINING:symmetrize-giza ->	re-using (1)
50 TRAINING:build-lex-trans ->	re-using (1)
47 TRAINING:extract-phrases ->	run
46 TRAINING:build-reordering ->	run
45 TRAINING:build-ttable ->	run
42 TRAINING:create-config ->	run
27 TUNING:filter ->	run
26 TUNING:apply-filter ->	run
25 TUNING:tune ->	run
24 TUNING:apply-weights ->	run
18 EVALUATION:test:filter ->	run
17 EVALUATION:test:apply-filter ->	run
16 EVALUATION:test:decode ->	run
15 EVALUATION:test:remove-markup ->	run
11 EVALUATION:test:wrap ->	run
10 EVALUATION:test:reference-from-sgm ->	re-using (1)
5 EVALUATION:test:nist-bleu ->	run
4 EVALUATION:test:nist-bleu-c ->	run
3 EVALUATION:test:multi-bleu ->	run
2 EVALUATION:test:analysis-coverage ->	run
1 EVALUATION:test:analysis-precision ->	run
0 REPORTING:report ->	run

EXECUTE STEPS
number of steps doable or running: 1 at Sat May 23 08:25:04 PM +07 2026
	doable: TRAINING:extract-phrases
	executing /home/lawun330/Desktop/basic-statistical-machine-translation/baseline2/ph-my/steps/3/TRAINING_extract-phrases.3 via sh (1 active)
number of steps doable or running: 2 at Sat May 23 08:25:11 PM +07 2026
	doable: TRAINING:build-reordering
	doable: TRAINING:build-ttable
	executing /home/lawun330/Desktop/basic-statistical-machine-translation/baseline2/ph-my/steps/3/TRAINING_build-reordering.3 via sh (1 active)
	executing /home/lawun330/Desktop/basic-statistical-machine-translation/baseline2/ph-my/steps/3/TRAINING_build-ttable.3 via sh (2 active)
number of steps doable or running: 4 at Sat May 23 08:25:24 PM +07 2026
	doable: EVALUATION:test:analysis-coverage
	doable: EVALUATION:test:filter
	doable: TUNING:filter
	doable: TRAINING:create-config
	executing /home/lawun330/Desktop/basic-statistical-machine-translation/baseline2/ph-my/steps/3/EVALUATION_test_analysis-coverage.3 via sh (1 active)
	executing /home/lawun330/Desktop/basic-statistical-machine-translation/baseline2/ph-my/steps/3/EVALUATION_test_filter.3 via sh (2 active)
number of steps doable or running: 2 at Sat May 23 08:25:36 PM +07 2026
	doable: TUNING:filter
	doable: TRAINING:create-config
	executing /home/lawun330/Desktop/basic-statistical-machine-translation/baseline2/ph-my/steps/3/TUNING_filter.3 via sh (1 active)
	executing /home/lawun330/Desktop/basic-statistical-machine-translation/baseline2/ph-my/steps/3/TRAINING_create-config.3 via sh (2 active)
number of steps doable or running: 1 at Sat May 23 08:25:49 PM +07 2026
	doable: TUNING:apply-filter
	executing /home/lawun330/Desktop/basic-statistical-machine-translation/baseline2/ph-my/steps/3/TUNING_apply-filter.3 via sh (1 active)
number of steps doable or running: 1 at Sat May 23 08:25:56 PM +07 2026
	doable: TUNING:tune
	executing /home/lawun330/Desktop/basic-statistical-machine-translation/baseline2/ph-my/steps/3/TUNING_tune.3 via sh (1 active)
number of steps doable or running: 1 at Sat May 23 08:31:06 PM +07 2026
	doable: TUNING:apply-weights
	executing /home/lawun330/Desktop/basic-statistical-machine-translation/baseline2/ph-my/steps/3/TUNING_apply-weights.3 via sh (1 active)
number of steps doable or running: 1 at Sat May 23 08:31:13 PM +07 2026
	doable: EVALUATION:test:apply-filter
	executing /home/lawun330/Desktop/basic-statistical-machine-translation/baseline2/ph-my/steps/3/EVALUATION_test_apply-filter.3 via sh (1 active)
number of steps doable or running: 1 at Sat May 23 08:31:21 PM +07 2026
	doable: EVALUATION:test:decode
	executing /home/lawun330/Desktop/basic-statistical-machine-translation/baseline2/ph-my/steps/3/EVALUATION_test_decode.3 via sh (1 active)
number of steps doable or running: 1 at Sat May 23 08:31:30 PM +07 2026
	doable: EVALUATION:test:remove-markup
	executing /home/lawun330/Desktop/basic-statistical-machine-translation/baseline2/ph-my/steps/3/EVALUATION_test_remove-markup.3 via sh (1 active)
number of steps doable or running: 3 at Sat May 23 08:31:37 PM +07 2026
	doable: EVALUATION:test:multi-bleu
	doable: EVALUATION:test:wrap
	doable: EVALUATION:test:analysis-precision
	executing /home/lawun330/Desktop/basic-statistical-machine-translation/baseline2/ph-my/steps/3/EVALUATION_test_multi-bleu.3 via sh (1 active)
	executing /home/lawun330/Desktop/basic-statistical-machine-translation/baseline2/ph-my/steps/3/EVALUATION_test_wrap.3 via sh (2 active)
number of steps doable or running: 3 at Sat May 23 08:31:50 PM +07 2026
	doable: EVALUATION:test:analysis-precision
	doable: EVALUATION:test:nist-bleu
	doable: EVALUATION:test:nist-bleu-c
	executing /home/lawun330/Desktop/basic-statistical-machine-translation/baseline2/ph-my/steps/3/EVALUATION_test_analysis-precision.3 via sh (1 active)
	executing /home/lawun330/Desktop/basic-statistical-machine-translation/baseline2/ph-my/steps/3/EVALUATION_test_nist-bleu.3 via sh (2 active)
number of steps doable or running: 1 at Sat May 23 08:32:02 PM +07 2026
	doable: EVALUATION:test:nist-bleu-c
	executing /home/lawun330/Desktop/basic-statistical-machine-translation/baseline2/ph-my/steps/3/EVALUATION_test_nist-bleu-c.3 via sh (1 active)
number of steps doable or running: 1 at Sat May 23 08:32:10 PM +07 2026
	doable: REPORTING:report
	executing /home/lawun330/Desktop/basic-statistical-machine-translation/baseline2/ph-my/steps/3/REPORTING_report.3 via sh (1 active)
number of steps doable or running: 0 at Sat May 23 08:32:17 PM +07 2026
Unescaped left brace in regex is passed through in regex; marked by <-- HERE in m/^\[([^:]+):{ <-- HERE (\S+)}:(\S+)\]$/ at /home/lawun330/NLP/ubuntu-17.04/moses/scripts/ems/experiment.perl line 626.
STARTING UP AS PROCESS 141866 ON ROG-Strix-Hero-II AT Sat May 23 09:24:58 PM +07 2026
LOAD CONFIG...
working directory is /home/lawun330/Desktop/basic-statistical-machine-translation/baseline2/my-ph
running experimental run number 4

ESTABLISH WHICH STEPS NEED TO BE RUN

FIND DEPENDENCIES BETWEEN STEPS

CHECKING IF OLD STEPS ARE RE-USABLE

STEP SUMMARY:
82 EVALUATION:test:input-from-sgm ->	re-using (1)
76 CORPUS:myg2p-data:clean ->	re-using (1)
59 LM:myg2p-data:train ->	run
56 LM:myg2p-data:binarize ->	run
55 TRAINING:consolidate ->	re-using (1)
54 TRAINING:prepare-data ->	re-using (1)
53 TRAINING:run-giza ->	re-using (1)
52 TRAINING:run-giza-inverse ->	re-using (1)
51 TRAINING:symmetrize-giza ->	re-using (1)
50 TRAINING:build-lex-trans ->	re-using (1)
47 TRAINING:extract-phrases ->	re-using (3)
46 TRAINING:build-reordering ->	re-using (3)
45 TRAINING:build-ttable ->	re-using (3)
42 TRAINING:create-config ->	run
27 TUNING:filter ->	re-using (3)
26 TUNING:apply-filter ->	run
25 TUNING:tune ->	run
24 TUNING:apply-weights ->	run
18 EVALUATION:test:filter ->	re-using (3)
17 EVALUATION:test:apply-filter ->	run
16 EVALUATION:test:decode ->	run
15 EVALUATION:test:remove-markup ->	run
11 EVALUATION:test:wrap ->	run
10 EVALUATION:test:reference-from-sgm ->	re-using (1)
5 EVALUATION:test:nist-bleu ->	run
4 EVALUATION:test:nist-bleu-c ->	run
3 EVALUATION:test:multi-bleu ->	run
2 EVALUATION:test:analysis-coverage ->	re-using (3)
1 EVALUATION:test:analysis-precision ->	run
0 REPORTING:report ->	run

EXECUTE STEPS
number of steps doable or running: 1 at Sat May 23 09:24:58 PM +07 2026
	doable: LM:myg2p-data:train
	executing /home/lawun330/Desktop/basic-statistical-machine-translation/baseline2/my-ph/steps/4/LM_myg2p-data_train.4 via sh (1 active)
number of steps doable or running: 1 at Sat May 23 09:25:06 PM +07 2026
	doable: LM:myg2p-data:binarize
	executing /home/lawun330/Desktop/basic-statistical-machine-translation/baseline2/my-ph/steps/4/LM_myg2p-data_binarize.4 via sh (1 active)
number of steps doable or running: 1 at Sat May 23 09:25:13 PM +07 2026
	doable: TRAINING:create-config
	executing /home/lawun330/Desktop/basic-statistical-machine-translation/baseline2/my-ph/steps/4/TRAINING_create-config.4 via sh (1 active)
number of steps doable or running: 1 at Sat May 23 09:25:21 PM +07 2026
	doable: TUNING:apply-filter
	executing /home/lawun330/Desktop/basic-statistical-machine-translation/baseline2/my-ph/steps/4/TUNING_apply-filter.4 via sh (1 active)
number of steps doable or running: 1 at Sat May 23 09:25:28 PM +07 2026
	doable: TUNING:tune
	executing /home/lawun330/Desktop/basic-statistical-machine-translation/baseline2/my-ph/steps/4/TUNING_tune.4 via sh (1 active)
number of steps doable or running: 1 at Sat May 23 09:27:38 PM +07 2026
	doable: TUNING:apply-weights
	executing /home/lawun330/Desktop/basic-statistical-machine-translation/baseline2/my-ph/steps/4/TUNING_apply-weights.4 via sh (1 active)
number of steps doable or running: 1 at Sat May 23 09:27:45 PM +07 2026
	doable: EVALUATION:test:apply-filter
	executing /home/lawun330/Desktop/basic-statistical-machine-translation/baseline2/my-ph/steps/4/EVALUATION_test_apply-filter.4 via sh (1 active)
number of steps doable or running: 1 at Sat May 23 09:27:52 PM +07 2026
	doable: EVALUATION:test:decode
	executing /home/lawun330/Desktop/basic-statistical-machine-translation/baseline2/my-ph/steps/4/EVALUATION_test_decode.4 via sh (1 active)
number of steps doable or running: 1 at Sat May 23 09:28:02 PM +07 2026
	doable: EVALUATION:test:remove-markup
	executing /home/lawun330/Desktop/basic-statistical-machine-translation/baseline2/my-ph/steps/4/EVALUATION_test_remove-markup.4 via sh (1 active)
number of steps doable or running: 3 at Sat May 23 09:28:09 PM +07 2026
	doable: EVALUATION:test:analysis-precision
	doable: EVALUATION:test:wrap
	doable: EVALUATION:test:multi-bleu
	executing /home/lawun330/Desktop/basic-statistical-machine-translation/baseline2/my-ph/steps/4/EVALUATION_test_analysis-precision.4 via sh (1 active)
	executing /home/lawun330/Desktop/basic-statistical-machine-translation/baseline2/my-ph/steps/4/EVALUATION_test_wrap.4 via sh (2 active)
number of steps doable or running: 3 at Sat May 23 09:28:21 PM +07 2026
	doable: EVALUATION:test:nist-bleu-c
	doable: EVALUATION:test:nist-bleu
	doable: EVALUATION:test:multi-bleu
	executing /home/lawun330/Desktop/basic-statistical-machine-translation/baseline2/my-ph/steps/4/EVALUATION_test_nist-bleu-c.4 via sh (1 active)
	executing /home/lawun330/Desktop/basic-statistical-machine-translation/baseline2/my-ph/steps/4/EVALUATION_test_nist-bleu.4 via sh (2 active)
number of steps doable or running: 1 at Sat May 23 09:28:34 PM +07 2026
	doable: EVALUATION:test:multi-bleu
	executing /home/lawun330/Desktop/basic-statistical-machine-translation/baseline2/my-ph/steps/4/EVALUATION_test_multi-bleu.4 via sh (1 active)
number of steps doable or running: 1 at Sat May 23 09:28:41 PM +07 2026
	doable: REPORTING:report
	executing /home/lawun330/Desktop/basic-statistical-machine-translation/baseline2/my-ph/steps/4/REPORTING_report.4 via sh (1 active)
number of steps doable or running: 0 at Sat May 23 09:28:49 PM +07 2026
Unescaped left brace in regex is passed through in regex; marked by <-- HERE in m/^\[([^:]+):{ <-- HERE (\S+)}:(\S+)\]$/ at /home/lawun330/NLP/ubuntu-17.04/moses/scripts/ems/experiment.perl line 626.
STARTING UP AS PROCESS 142864 ON ROG-Strix-Hero-II AT Sat May 23 09:28:49 PM +07 2026
LOAD CONFIG...
working directory is /home/lawun330/Desktop/basic-statistical-machine-translation/baseline2/ph-my
running experimental run number 4

ESTABLISH WHICH STEPS NEED TO BE RUN

FIND DEPENDENCIES BETWEEN STEPS

CHECKING IF OLD STEPS ARE RE-USABLE

STEP SUMMARY:
82 EVALUATION:test:input-from-sgm ->	re-using (1)
76 CORPUS:myg2p-data:clean ->	re-using (1)
59 LM:myg2p-data:train ->	run
56 LM:myg2p-data:binarize ->	run
55 TRAINING:consolidate ->	re-using (1)
54 TRAINING:prepare-data ->	re-using (1)
53 TRAINING:run-giza ->	re-using (1)
52 TRAINING:run-giza-inverse ->	re-using (1)
51 TRAINING:symmetrize-giza ->	re-using (1)
50 TRAINING:build-lex-trans ->	re-using (1)
47 TRAINING:extract-phrases ->	re-using (3)
46 TRAINING:build-reordering ->	re-using (3)
45 TRAINING:build-ttable ->	re-using (3)
42 TRAINING:create-config ->	run
27 TUNING:filter ->	re-using (3)
26 TUNING:apply-filter ->	run
25 TUNING:tune ->	run
24 TUNING:apply-weights ->	run
18 EVALUATION:test:filter ->	re-using (3)
17 EVALUATION:test:apply-filter ->	run
16 EVALUATION:test:decode ->	run
15 EVALUATION:test:remove-markup ->	run
11 EVALUATION:test:wrap ->	run
10 EVALUATION:test:reference-from-sgm ->	re-using (1)
5 EVALUATION:test:nist-bleu ->	run
4 EVALUATION:test:nist-bleu-c ->	run
3 EVALUATION:test:multi-bleu ->	run
2 EVALUATION:test:analysis-coverage ->	re-using (3)
1 EVALUATION:test:analysis-precision ->	run
0 REPORTING:report ->	run

EXECUTE STEPS
number of steps doable or running: 1 at Sat May 23 09:28:49 PM +07 2026
	doable: LM:myg2p-data:train
	executing /home/lawun330/Desktop/basic-statistical-machine-translation/baseline2/ph-my/steps/4/LM_myg2p-data_train.4 via sh (1 active)
number of steps doable or running: 1 at Sat May 23 09:28:57 PM +07 2026
	doable: LM:myg2p-data:binarize
	executing /home/lawun330/Desktop/basic-statistical-machine-translation/baseline2/ph-my/steps/4/LM_myg2p-data_binarize.4 via sh (1 active)
number of steps doable or running: 1 at Sat May 23 09:29:04 PM +07 2026
	doable: TRAINING:create-config
	executing /home/lawun330/Desktop/basic-statistical-machine-translation/baseline2/ph-my/steps/4/TRAINING_create-config.4 via sh (1 active)
number of steps doable or running: 1 at Sat May 23 09:29:12 PM +07 2026
	doable: TUNING:apply-filter
	executing /home/lawun330/Desktop/basic-statistical-machine-translation/baseline2/ph-my/steps/4/TUNING_apply-filter.4 via sh (1 active)
number of steps doable or running: 1 at Sat May 23 09:29:19 PM +07 2026
	doable: TUNING:tune
	executing /home/lawun330/Desktop/basic-statistical-machine-translation/baseline2/ph-my/steps/4/TUNING_tune.4 via sh (1 active)
number of steps doable or running: 1 at Sat May 23 09:32:55 PM +07 2026
	doable: TUNING:apply-weights
	executing /home/lawun330/Desktop/basic-statistical-machine-translation/baseline2/ph-my/steps/4/TUNING_apply-weights.4 via sh (1 active)
number of steps doable or running: 1 at Sat May 23 09:33:02 PM +07 2026
	doable: EVALUATION:test:apply-filter
	executing /home/lawun330/Desktop/basic-statistical-machine-translation/baseline2/ph-my/steps/4/EVALUATION_test_apply-filter.4 via sh (1 active)
number of steps doable or running: 1 at Sat May 23 09:33:09 PM +07 2026
	doable: EVALUATION:test:decode
	executing /home/lawun330/Desktop/basic-statistical-machine-translation/baseline2/ph-my/steps/4/EVALUATION_test_decode.4 via sh (1 active)
number of steps doable or running: 1 at Sat May 23 09:33:19 PM +07 2026
	doable: EVALUATION:test:remove-markup
	executing /home/lawun330/Desktop/basic-statistical-machine-translation/baseline2/ph-my/steps/4/EVALUATION_test_remove-markup.4 via sh (1 active)
number of steps doable or running: 3 at Sat May 23 09:33:26 PM +07 2026
	doable: EVALUATION:test:multi-bleu
	doable: EVALUATION:test:wrap
	doable: EVALUATION:test:analysis-precision
	executing /home/lawun330/Desktop/basic-statistical-machine-translation/baseline2/ph-my/steps/4/EVALUATION_test_multi-bleu.4 via sh (1 active)
	executing /home/lawun330/Desktop/basic-statistical-machine-translation/baseline2/ph-my/steps/4/EVALUATION_test_wrap.4 via sh (2 active)
number of steps doable or running: 3 at Sat May 23 09:33:39 PM +07 2026
	doable: EVALUATION:test:nist-bleu-c
	doable: EVALUATION:test:analysis-precision
	doable: EVALUATION:test:nist-bleu
	executing /home/lawun330/Desktop/basic-statistical-machine-translation/baseline2/ph-my/steps/4/EVALUATION_test_nist-bleu-c.4 via sh (1 active)
	executing /home/lawun330/Desktop/basic-statistical-machine-translation/baseline2/ph-my/steps/4/EVALUATION_test_analysis-precision.4 via sh (2 active)
number of steps doable or running: 1 at Sat May 23 09:33:51 PM +07 2026
	doable: EVALUATION:test:nist-bleu
	executing /home/lawun330/Desktop/basic-statistical-machine-translation/baseline2/ph-my/steps/4/EVALUATION_test_nist-bleu.4 via sh (1 active)
number of steps doable or running: 1 at Sat May 23 09:33:58 PM +07 2026
	doable: REPORTING:report
	executing /home/lawun330/Desktop/basic-statistical-machine-translation/baseline2/ph-my/steps/4/REPORTING_report.4 via sh (1 active)
number of steps doable or running: 0 at Sat May 23 09:34:06 PM +07 2026
Unescaped left brace in regex is passed through in regex; marked by <-- HERE in m/^\[([^:]+):{ <-- HERE (\S+)}:(\S+)\]$/ at /home/lawun330/NLP/ubuntu-17.04/moses/scripts/ems/experiment.perl line 626.
STARTING UP AS PROCESS 165800 ON ROG-Strix-Hero-II AT Sun May 24 10:45:44 AM +07 2026
LOAD CONFIG...
working directory is /home/lawun330/Desktop/basic-statistical-machine-translation/baseline2/my-ph
running experimental run number 5

ESTABLISH WHICH STEPS NEED TO BE RUN

FIND DEPENDENCIES BETWEEN STEPS

CHECKING IF OLD STEPS ARE RE-USABLE

STEP SUMMARY:
82 EVALUATION:test:input-from-sgm ->	re-using (1)
76 CORPUS:myg2p-data:clean ->	re-using (1)
59 LM:myg2p-data:train ->	re-using (4)
56 LM:myg2p-data:binarize ->	re-using (4)
55 TRAINING:consolidate ->	re-using (1)
54 TRAINING:prepare-data ->	run
53 TRAINING:run-giza ->	run
52 TRAINING:run-giza-inverse ->	run
51 TRAINING:symmetrize-giza ->	run
50 TRAINING:build-lex-trans ->	run
47 TRAINING:extract-phrases ->	run
46 TRAINING:build-reordering ->	run
45 TRAINING:build-ttable ->	run
42 TRAINING:create-config ->	run
27 TUNING:filter ->	run
26 TUNING:apply-filter ->	run
25 TUNING:tune ->	run
24 TUNING:apply-weights ->	run
18 EVALUATION:test:filter ->	run
17 EVALUATION:test:apply-filter ->	run
16 EVALUATION:test:decode ->	run
15 EVALUATION:test:remove-markup ->	run
11 EVALUATION:test:wrap ->	run
10 EVALUATION:test:reference-from-sgm ->	re-using (1)
5 EVALUATION:test:nist-bleu ->	run
4 EVALUATION:test:nist-bleu-c ->	run
3 EVALUATION:test:multi-bleu ->	run
2 EVALUATION:test:analysis-coverage ->	run
1 EVALUATION:test:analysis-precision ->	run
0 REPORTING:report ->	run

EXECUTE STEPS
number of steps doable or running: 1 at Sun May 24 10:45:44 AM +07 2026
	doable: TRAINING:prepare-data
	executing /home/lawun330/Desktop/basic-statistical-machine-translation/baseline2/my-ph/steps/5/TRAINING_prepare-data.5 via sh (1 active)
number of steps doable or running: 2 at Sun May 24 10:45:54 AM +07 2026
	doable: TRAINING:run-giza
	doable: TRAINING:run-giza-inverse
	executing /home/lawun330/Desktop/basic-statistical-machine-translation/baseline2/my-ph/steps/5/TRAINING_run-giza.5 via sh (1 active)
	executing /home/lawun330/Desktop/basic-statistical-machine-translation/baseline2/my-ph/steps/5/TRAINING_run-giza-inverse.5 via sh (2 active)
step TRAINING:run-giza crashed
step TRAINING:run-giza-inverse crashed
number of steps doable or running: 0 at Sun May 24 10:46:06 AM +07 2026
Unescaped left brace in regex is passed through in regex; marked by <-- HERE in m/^\[([^:]+):{ <-- HERE (\S+)}:(\S+)\]$/ at /home/lawun330/NLP/ubuntu-17.04/moses/scripts/ems/experiment.perl line 626.
STARTING UP AS PROCESS 166003 ON ROG-Strix-Hero-II AT Sun May 24 10:46:06 AM +07 2026
LOAD CONFIG...
working directory is /home/lawun330/Desktop/basic-statistical-machine-translation/baseline2/ph-my
running experimental run number 5

ESTABLISH WHICH STEPS NEED TO BE RUN

FIND DEPENDENCIES BETWEEN STEPS

CHECKING IF OLD STEPS ARE RE-USABLE

STEP SUMMARY:
82 EVALUATION:test:input-from-sgm ->	re-using (1)
76 CORPUS:myg2p-data:clean ->	re-using (1)
59 LM:myg2p-data:train ->	re-using (4)
56 LM:myg2p-data:binarize ->	re-using (4)
55 TRAINING:consolidate ->	re-using (1)
54 TRAINING:prepare-data ->	run
53 TRAINING:run-giza ->	run
52 TRAINING:run-giza-inverse ->	run
51 TRAINING:symmetrize-giza ->	run
50 TRAINING:build-lex-trans ->	run
47 TRAINING:extract-phrases ->	run
46 TRAINING:build-reordering ->	run
45 TRAINING:build-ttable ->	run
42 TRAINING:create-config ->	run
27 TUNING:filter ->	run
26 TUNING:apply-filter ->	run
25 TUNING:tune ->	run
24 TUNING:apply-weights ->	run
18 EVALUATION:test:filter ->	run
17 EVALUATION:test:apply-filter ->	run
16 EVALUATION:test:decode ->	run
15 EVALUATION:test:remove-markup ->	run
11 EVALUATION:test:wrap ->	run
10 EVALUATION:test:reference-from-sgm ->	re-using (1)
5 EVALUATION:test:nist-bleu ->	run
4 EVALUATION:test:nist-bleu-c ->	run
3 EVALUATION:test:multi-bleu ->	run
2 EVALUATION:test:analysis-coverage ->	run
1 EVALUATION:test:analysis-precision ->	run
0 REPORTING:report ->	run

EXECUTE STEPS
number of steps doable or running: 1 at Sun May 24 10:46:07 AM +07 2026
	doable: TRAINING:prepare-data
	executing /home/lawun330/Desktop/basic-statistical-machine-translation/baseline2/ph-my/steps/5/TRAINING_prepare-data.5 via sh (1 active)
number of steps doable or running: 2 at Sun May 24 10:46:16 AM +07 2026
	doable: TRAINING:run-giza-inverse
	doable: TRAINING:run-giza
	executing /home/lawun330/Desktop/basic-statistical-machine-translation/baseline2/ph-my/steps/5/TRAINING_run-giza-inverse.5 via sh (1 active)
	executing /home/lawun330/Desktop/basic-statistical-machine-translation/baseline2/ph-my/steps/5/TRAINING_run-giza.5 via sh (2 active)
step TRAINING:run-giza-inverse crashed
step TRAINING:run-giza crashed
number of steps doable or running: 0 at Sun May 24 10:46:29 AM +07 2026
Unescaped left brace in regex is passed through in regex; marked by <-- HERE in m/^\[([^:]+):{ <-- HERE (\S+)}:(\S+)\]$/ at /home/lawun330/NLP/ubuntu-17.04/moses/scripts/ems/experiment.perl line 626.
STARTING UP AS PROCESS 167639 ON ROG-Strix-Hero-II AT Sun May 24 11:02:39 AM +07 2026
LOAD CONFIG...
working directory is /home/lawun330/Desktop/basic-statistical-machine-translation/baseline2/my-ph
running experimental run number 5

ESTABLISH WHICH STEPS NEED TO BE RUN

FIND DEPENDENCIES BETWEEN STEPS

CHECKING IF OLD STEPS ARE RE-USABLE

STEP SUMMARY:
82 EVALUATION:test:input-from-sgm ->	re-using (1)
76 CORPUS:myg2p-data:clean ->	re-using (1)
59 LM:myg2p-data:train ->	re-using (4)
56 LM:myg2p-data:binarize ->	re-using (4)
55 TRAINING:consolidate ->	re-using (1)
54 TRAINING:prepare-data ->	run
53 TRAINING:run-giza ->	run
52 TRAINING:run-giza-inverse ->	run
51 TRAINING:symmetrize-giza ->	run
50 TRAINING:build-lex-trans ->	run
47 TRAINING:extract-phrases ->	run
46 TRAINING:build-reordering ->	run
45 TRAINING:build-ttable ->	run
42 TRAINING:create-config ->	run
27 TUNING:filter ->	run
26 TUNING:apply-filter ->	run
25 TUNING:tune ->	run
24 TUNING:apply-weights ->	run
18 EVALUATION:test:filter ->	run
17 EVALUATION:test:apply-filter ->	run
16 EVALUATION:test:decode ->	run
15 EVALUATION:test:remove-markup ->	run
11 EVALUATION:test:wrap ->	run
10 EVALUATION:test:reference-from-sgm ->	re-using (1)
5 EVALUATION:test:nist-bleu ->	run
4 EVALUATION:test:nist-bleu-c ->	run
3 EVALUATION:test:multi-bleu ->	run
2 EVALUATION:test:analysis-coverage ->	run
1 EVALUATION:test:analysis-precision ->	run
0 REPORTING:report ->	run

EXECUTE STEPS
number of steps doable or running: 1 at Sun May 24 11:02:40 AM +07 2026
	doable: TRAINING:prepare-data
	executing /home/lawun330/Desktop/basic-statistical-machine-translation/baseline2/my-ph/steps/5/TRAINING_prepare-data.5 via sh (1 active)
number of steps doable or running: 2 at Sun May 24 11:02:47 AM +07 2026
	doable: TRAINING:run-giza-inverse
	doable: TRAINING:run-giza
	executing /home/lawun330/Desktop/basic-statistical-machine-translation/baseline2/my-ph/steps/5/TRAINING_run-giza-inverse.5 via sh (1 active)
	executing /home/lawun330/Desktop/basic-statistical-machine-translation/baseline2/my-ph/steps/5/TRAINING_run-giza.5 via sh (2 active)
number of steps doable or running: 1 at Sun May 24 11:03:00 AM +07 2026
	doable: TRAINING:symmetrize-giza
	executing /home/lawun330/Desktop/basic-statistical-machine-translation/baseline2/my-ph/steps/5/TRAINING_symmetrize-giza.5 via sh (1 active)
number of steps doable or running: 2 at Sun May 24 11:03:07 AM +07 2026
	doable: TRAINING:build-lex-trans
	doable: TRAINING:extract-phrases
	executing /home/lawun330/Desktop/basic-statistical-machine-translation/baseline2/my-ph/steps/5/TRAINING_build-lex-trans.5 via sh (1 active)
	executing /home/lawun330/Desktop/basic-statistical-machine-translation/baseline2/my-ph/steps/5/TRAINING_extract-phrases.5 via sh (2 active)
number of steps doable or running: 2 at Sun May 24 11:03:20 AM +07 2026
	doable: TRAINING:build-reordering
	doable: TRAINING:build-ttable
	executing /home/lawun330/Desktop/basic-statistical-machine-translation/baseline2/my-ph/steps/5/TRAINING_build-reordering.5 via sh (1 active)
	executing /home/lawun330/Desktop/basic-statistical-machine-translation/baseline2/my-ph/steps/5/TRAINING_build-ttable.5 via sh (2 active)
number of steps doable or running: 4 at Sun May 24 11:03:32 AM +07 2026
	doable: EVALUATION:test:filter
	doable: TUNING:filter
	doable: TRAINING:create-config
	doable: EVALUATION:test:analysis-coverage
	executing /home/lawun330/Desktop/basic-statistical-machine-translation/baseline2/my-ph/steps/5/EVALUATION_test_filter.5 via sh (1 active)
	executing /home/lawun330/Desktop/basic-statistical-machine-translation/baseline2/my-ph/steps/5/TUNING_filter.5 via sh (2 active)
number of steps doable or running: 2 at Sun May 24 11:03:45 AM +07 2026
	doable: TRAINING:create-config
	doable: EVALUATION:test:analysis-coverage
	executing /home/lawun330/Desktop/basic-statistical-machine-translation/baseline2/my-ph/steps/5/TRAINING_create-config.5 via sh (1 active)
	executing /home/lawun330/Desktop/basic-statistical-machine-translation/baseline2/my-ph/steps/5/EVALUATION_test_analysis-coverage.5 via sh (2 active)
number of steps doable or running: 1 at Sun May 24 11:03:57 AM +07 2026
	doable: TUNING:apply-filter
	executing /home/lawun330/Desktop/basic-statistical-machine-translation/baseline2/my-ph/steps/5/TUNING_apply-filter.5 via sh (1 active)
number of steps doable or running: 1 at Sun May 24 11:04:04 AM +07 2026
	doable: TUNING:tune
	executing /home/lawun330/Desktop/basic-statistical-machine-translation/baseline2/my-ph/steps/5/TUNING_tune.5 via sh (1 active)
number of steps doable or running: 1 at Sun May 24 11:08:22 AM +07 2026
	doable: TUNING:apply-weights
	executing /home/lawun330/Desktop/basic-statistical-machine-translation/baseline2/my-ph/steps/5/TUNING_apply-weights.5 via sh (1 active)
number of steps doable or running: 1 at Sun May 24 11:08:30 AM +07 2026
	doable: EVALUATION:test:apply-filter
	executing /home/lawun330/Desktop/basic-statistical-machine-translation/baseline2/my-ph/steps/5/EVALUATION_test_apply-filter.5 via sh (1 active)
number of steps doable or running: 1 at Sun May 24 11:08:37 AM +07 2026
	doable: EVALUATION:test:decode
	executing /home/lawun330/Desktop/basic-statistical-machine-translation/baseline2/my-ph/steps/5/EVALUATION_test_decode.5 via sh (1 active)
number of steps doable or running: 1 at Sun May 24 11:08:47 AM +07 2026
	doable: EVALUATION:test:remove-markup
	executing /home/lawun330/Desktop/basic-statistical-machine-translation/baseline2/my-ph/steps/5/EVALUATION_test_remove-markup.5 via sh (1 active)
number of steps doable or running: 3 at Sun May 24 11:08:54 AM +07 2026
	doable: EVALUATION:test:analysis-precision
	doable: EVALUATION:test:multi-bleu
	doable: EVALUATION:test:wrap
	executing /home/lawun330/Desktop/basic-statistical-machine-translation/baseline2/my-ph/steps/5/EVALUATION_test_analysis-precision.5 via sh (1 active)
	executing /home/lawun330/Desktop/basic-statistical-machine-translation/baseline2/my-ph/steps/5/EVALUATION_test_multi-bleu.5 via sh (2 active)
number of steps doable or running: 1 at Sun May 24 11:09:07 AM +07 2026
	doable: EVALUATION:test:wrap
	executing /home/lawun330/Desktop/basic-statistical-machine-translation/baseline2/my-ph/steps/5/EVALUATION_test_wrap.5 via sh (1 active)
number of steps doable or running: 2 at Sun May 24 11:09:14 AM +07 2026
	doable: EVALUATION:test:nist-bleu-c
	doable: EVALUATION:test:nist-bleu
	executing /home/lawun330/Desktop/basic-statistical-machine-translation/baseline2/my-ph/steps/5/EVALUATION_test_nist-bleu-c.5 via sh (1 active)
	executing /home/lawun330/Desktop/basic-statistical-machine-translation/baseline2/my-ph/steps/5/EVALUATION_test_nist-bleu.5 via sh (2 active)
number of steps doable or running: 1 at Sun May 24 11:09:27 AM +07 2026
	doable: REPORTING:report
	executing /home/lawun330/Desktop/basic-statistical-machine-translation/baseline2/my-ph/steps/5/REPORTING_report.5 via sh (1 active)
number of steps doable or running: 0 at Sun May 24 11:09:34 AM +07 2026
Unescaped left brace in regex is passed through in regex; marked by <-- HERE in m/^\[([^:]+):{ <-- HERE (\S+)}:(\S+)\]$/ at /home/lawun330/NLP/ubuntu-17.04/moses/scripts/ems/experiment.perl line 626.
STARTING UP AS PROCESS 171972 ON ROG-Strix-Hero-II AT Sun May 24 11:09:34 AM +07 2026
LOAD CONFIG...
working directory is /home/lawun330/Desktop/basic-statistical-machine-translation/baseline2/ph-my
running experimental run number 5

ESTABLISH WHICH STEPS NEED TO BE RUN

FIND DEPENDENCIES BETWEEN STEPS

CHECKING IF OLD STEPS ARE RE-USABLE

STEP SUMMARY:
82 EVALUATION:test:input-from-sgm ->	re-using (1)
76 CORPUS:myg2p-data:clean ->	re-using (1)
59 LM:myg2p-data:train ->	re-using (4)
56 LM:myg2p-data:binarize ->	re-using (4)
55 TRAINING:consolidate ->	re-using (1)
54 TRAINING:prepare-data ->	run
53 TRAINING:run-giza ->	run
52 TRAINING:run-giza-inverse ->	run
51 TRAINING:symmetrize-giza ->	run
50 TRAINING:build-lex-trans ->	run
47 TRAINING:extract-phrases ->	run
46 TRAINING:build-reordering ->	run
45 TRAINING:build-ttable ->	run
42 TRAINING:create-config ->	run
27 TUNING:filter ->	run
26 TUNING:apply-filter ->	run
25 TUNING:tune ->	run
24 TUNING:apply-weights ->	run
18 EVALUATION:test:filter ->	run
17 EVALUATION:test:apply-filter ->	run
16 EVALUATION:test:decode ->	run
15 EVALUATION:test:remove-markup ->	run
11 EVALUATION:test:wrap ->	run
10 EVALUATION:test:reference-from-sgm ->	re-using (1)
5 EVALUATION:test:nist-bleu ->	run
4 EVALUATION:test:nist-bleu-c ->	run
3 EVALUATION:test:multi-bleu ->	run
2 EVALUATION:test:analysis-coverage ->	run
1 EVALUATION:test:analysis-precision ->	run
0 REPORTING:report ->	run

EXECUTE STEPS
number of steps doable or running: 1 at Sun May 24 11:09:35 AM +07 2026
	doable: TRAINING:prepare-data
	executing /home/lawun330/Desktop/basic-statistical-machine-translation/baseline2/ph-my/steps/5/TRAINING_prepare-data.5 via sh (1 active)
number of steps doable or running: 2 at Sun May 24 11:09:42 AM +07 2026
	doable: TRAINING:run-giza
	doable: TRAINING:run-giza-inverse
	executing /home/lawun330/Desktop/basic-statistical-machine-translation/baseline2/ph-my/steps/5/TRAINING_run-giza.5 via sh (1 active)
	executing /home/lawun330/Desktop/basic-statistical-machine-translation/baseline2/ph-my/steps/5/TRAINING_run-giza-inverse.5 via sh (2 active)
number of steps doable or running: 1 at Sun May 24 11:09:55 AM +07 2026
	doable: TRAINING:symmetrize-giza
	executing /home/lawun330/Desktop/basic-statistical-machine-translation/baseline2/ph-my/steps/5/TRAINING_symmetrize-giza.5 via sh (1 active)
number of steps doable or running: 2 at Sun May 24 11:10:02 AM +07 2026
	doable: TRAINING:build-lex-trans
	doable: TRAINING:extract-phrases
	executing /home/lawun330/Desktop/basic-statistical-machine-translation/baseline2/ph-my/steps/5/TRAINING_build-lex-trans.5 via sh (1 active)
	executing /home/lawun330/Desktop/basic-statistical-machine-translation/baseline2/ph-my/steps/5/TRAINING_extract-phrases.5 via sh (2 active)
number of steps doable or running: 2 at Sun May 24 11:10:15 AM +07 2026
	doable: TRAINING:build-ttable
	doable: TRAINING:build-reordering
	executing /home/lawun330/Desktop/basic-statistical-machine-translation/baseline2/ph-my/steps/5/TRAINING_build-ttable.5 via sh (1 active)
	executing /home/lawun330/Desktop/basic-statistical-machine-translation/baseline2/ph-my/steps/5/TRAINING_build-reordering.5 via sh (2 active)
number of steps doable or running: 4 at Sun May 24 11:10:27 AM +07 2026
	doable: EVALUATION:test:analysis-coverage
	doable: TUNING:filter
	doable: TRAINING:create-config
	doable: EVALUATION:test:filter
	executing /home/lawun330/Desktop/basic-statistical-machine-translation/baseline2/ph-my/steps/5/EVALUATION_test_analysis-coverage.5 via sh (1 active)
	executing /home/lawun330/Desktop/basic-statistical-machine-translation/baseline2/ph-my/steps/5/TUNING_filter.5 via sh (2 active)
number of steps doable or running: 2 at Sun May 24 11:10:40 AM +07 2026
	doable: TRAINING:create-config
	doable: EVALUATION:test:filter
	executing /home/lawun330/Desktop/basic-statistical-machine-translation/baseline2/ph-my/steps/5/TRAINING_create-config.5 via sh (1 active)
	executing /home/lawun330/Desktop/basic-statistical-machine-translation/baseline2/ph-my/steps/5/EVALUATION_test_filter.5 via sh (2 active)
number of steps doable or running: 1 at Sun May 24 11:10:52 AM +07 2026
	doable: TUNING:apply-filter
	executing /home/lawun330/Desktop/basic-statistical-machine-translation/baseline2/ph-my/steps/5/TUNING_apply-filter.5 via sh (1 active)
number of steps doable or running: 1 at Sun May 24 11:10:59 AM +07 2026
	doable: TUNING:tune
	executing /home/lawun330/Desktop/basic-statistical-machine-translation/baseline2/ph-my/steps/5/TUNING_tune.5 via sh (1 active)
number of steps doable or running: 1 at Sun May 24 11:13:49 AM +07 2026
	doable: TUNING:apply-weights
	executing /home/lawun330/Desktop/basic-statistical-machine-translation/baseline2/ph-my/steps/5/TUNING_apply-weights.5 via sh (1 active)
number of steps doable or running: 1 at Sun May 24 11:13:56 AM +07 2026
	doable: EVALUATION:test:apply-filter
	executing /home/lawun330/Desktop/basic-statistical-machine-translation/baseline2/ph-my/steps/5/EVALUATION_test_apply-filter.5 via sh (1 active)
number of steps doable or running: 1 at Sun May 24 11:14:04 AM +07 2026
	doable: EVALUATION:test:decode
	executing /home/lawun330/Desktop/basic-statistical-machine-translation/baseline2/ph-my/steps/5/EVALUATION_test_decode.5 via sh (1 active)
number of steps doable or running: 1 at Sun May 24 11:14:13 AM +07 2026
	doable: EVALUATION:test:remove-markup
	executing /home/lawun330/Desktop/basic-statistical-machine-translation/baseline2/ph-my/steps/5/EVALUATION_test_remove-markup.5 via sh (1 active)
number of steps doable or running: 3 at Sun May 24 11:14:21 AM +07 2026
	doable: EVALUATION:test:multi-bleu
	doable: EVALUATION:test:wrap
	doable: EVALUATION:test:analysis-precision
	executing /home/lawun330/Desktop/basic-statistical-machine-translation/baseline2/ph-my/steps/5/EVALUATION_test_multi-bleu.5 via sh (1 active)
	executing /home/lawun330/Desktop/basic-statistical-machine-translation/baseline2/ph-my/steps/5/EVALUATION_test_wrap.5 via sh (2 active)
number of steps doable or running: 3 at Sun May 24 11:14:33 AM +07 2026
	doable: EVALUATION:test:nist-bleu
	doable: EVALUATION:test:analysis-precision
	doable: EVALUATION:test:nist-bleu-c
	executing /home/lawun330/Desktop/basic-statistical-machine-translation/baseline2/ph-my/steps/5/EVALUATION_test_nist-bleu.5 via sh (1 active)
	executing /home/lawun330/Desktop/basic-statistical-machine-translation/baseline2/ph-my/steps/5/EVALUATION_test_analysis-precision.5 via sh (2 active)
number of steps doable or running: 1 at Sun May 24 11:14:46 AM +07 2026
	doable: EVALUATION:test:nist-bleu-c
	executing /home/lawun330/Desktop/basic-statistical-machine-translation/baseline2/ph-my/steps/5/EVALUATION_test_nist-bleu-c.5 via sh (1 active)
number of steps doable or running: 1 at Sun May 24 11:14:53 AM +07 2026
	doable: REPORTING:report
	executing /home/lawun330/Desktop/basic-statistical-machine-translation/baseline2/ph-my/steps/5/REPORTING_report.5 via sh (1 active)
number of steps doable or running: 0 at Sun May 24 11:15:01 AM +07 2026
