shard_size = 0 shard_count = 0
Seeding random numbers with system clock 
name: case value: true
Data::m_score_type BLEU
Data::Scorer type from Scorer: BLEU
Loading Data from: run1.scores.dat and run1.features.dat
loading feature data from run1.features.dat
loading score data from run1.scores.dat
Loading Data from: run2.scores.dat and run2.features.dat
loading feature data from run2.features.dat
loading score data from run2.scores.dat
Loading Data from: run3.scores.dat and run3.features.dat
loading feature data from run3.features.dat
loading score data from run3.scores.dat
Loading Data from: run4.scores.dat and run4.features.dat
loading feature data from run4.features.dat
loading score data from run4.scores.dat
Data loaded : [Wall 1.57854 CPU 1.57834] seconds.
Creating a pool of 1 threads
Best point: 0.0462871 0.0221227 0.0335801 -0.106985 0.0925808 0.00352549 0.0612226 0.0666024 -0.239555 -0.232762 0.013461 0.0614101 0.018307 0.00159854  => 0.785619
Stopping... : [Wall 50.6727 CPU 50.6642] seconds.
