Unescaped left brace in regex is passed through in regex; marked by <-- HERE in m/^\[([^:]+):{ <-- HERE (\S+)}:(\S+)\]$/ at /home/lawun330/NLP/ubuntu-17.04/moses/scripts/ems/experiment.perl line 626.
STARTING UP AS PROCESS 60563 ON ROG-Strix-Hero-II AT Thu May 21 03:38:18 AM +07 2026
LOAD CONFIG...
working directory is /home/lawun330/Desktop/basic-statistical-machine-translation/baseline/my-ph
find: ‘/home/lawun330/Desktop/basic-statistical-machine-translation/baseline/my-ph/steps’: No such file or directory
running experimental run number 1

ESTABLISH WHICH STEPS NEED TO BE RUN

FIND DEPENDENCIES BETWEEN STEPS

CHECKING IF OLD STEPS ARE RE-USABLE

STEP SUMMARY:
82 EVALUATION:test:input-from-sgm ->	run
76 CORPUS:myg2p-data:clean ->	run
59 LM:myg2p-data:train ->	run
56 LM:myg2p-data:binarize ->	run
55 TRAINING:consolidate ->	run
54 TRAINING:prepare-data ->	run
53 TRAINING:run-giza ->	run
52 TRAINING:run-giza-inverse ->	run
51 TRAINING:symmetrize-giza ->	run
50 TRAINING:build-lex-trans ->	run
47 TRAINING:extract-phrases ->	run
46 TRAINING:build-reordering ->	run
45 TRAINING:build-ttable ->	run
42 TRAINING:create-config ->	run
27 TUNING:filter ->	run
26 TUNING:apply-filter ->	run
25 TUNING:tune ->	run
24 TUNING:apply-weights ->	run
18 EVALUATION:test:filter ->	run
17 EVALUATION:test:apply-filter ->	run
16 EVALUATION:test:decode ->	run
15 EVALUATION:test:remove-markup ->	run
11 EVALUATION:test:wrap ->	run
10 EVALUATION:test:reference-from-sgm ->	run
5 EVALUATION:test:nist-bleu ->	run
4 EVALUATION:test:nist-bleu-c ->	run
3 EVALUATION:test:multi-bleu ->	run
2 EVALUATION:test:analysis-coverage ->	run
1 EVALUATION:test:analysis-precision ->	run
0 REPORTING:report ->	run
Can't exec "convert": No such file or directory at /home/lawun330/NLP/ubuntu-17.04/moses/scripts/ems/experiment.perl line 176.
Can't exec "convert": No such file or directory at /home/lawun330/NLP/ubuntu-17.04/moses/scripts/ems/experiment.perl line 1102.

EXECUTE STEPS
number of steps doable or running: 4 at Thu May 21 03:38:18 AM +07 2026
	doable: LM:myg2p-data:train
	doable: CORPUS:myg2p-data:clean
	doable: EVALUATION:test:reference-from-sgm
	doable: EVALUATION:test:input-from-sgm
	executing /home/lawun330/Desktop/basic-statistical-machine-translation/baseline/my-ph/steps/1/LM_myg2p-data_train.1 via sh (1 active)
	executing /home/lawun330/Desktop/basic-statistical-machine-translation/baseline/my-ph/steps/1/CORPUS_myg2p-data_clean.1 via sh (2 active)
Can't exec "convert": No such file or directory at /home/lawun330/NLP/ubuntu-17.04/moses/scripts/ems/experiment.perl line 1102.
number of steps doable or running: 4 at Thu May 21 03:38:30 AM +07 2026
	doable: LM:myg2p-data:binarize
	doable: TRAINING:consolidate
	doable: EVALUATION:test:reference-from-sgm
	doable: EVALUATION:test:input-from-sgm
	executing /home/lawun330/Desktop/basic-statistical-machine-translation/baseline/my-ph/steps/1/LM_myg2p-data_binarize.1 via sh (1 active)
	executing /home/lawun330/Desktop/basic-statistical-machine-translation/baseline/my-ph/steps/1/TRAINING_consolidate.1 via sh (2 active)
Can't exec "convert": No such file or directory at /home/lawun330/NLP/ubuntu-17.04/moses/scripts/ems/experiment.perl line 1102.
number of steps doable or running: 3 at Thu May 21 03:38:42 AM +07 2026
	doable: TRAINING:prepare-data
	doable: EVALUATION:test:reference-from-sgm
	doable: EVALUATION:test:input-from-sgm
	executing /home/lawun330/Desktop/basic-statistical-machine-translation/baseline/my-ph/steps/1/TRAINING_prepare-data.1 via sh (1 active)
	executing /home/lawun330/Desktop/basic-statistical-machine-translation/baseline/my-ph/steps/1/EVALUATION_test_reference-from-sgm.1 via sh (2 active)
Can't exec "convert": No such file or directory at /home/lawun330/NLP/ubuntu-17.04/moses/scripts/ems/experiment.perl line 1102.
step TRAINING:prepare-data crashed
number of steps doable or running: 1 at Thu May 21 03:38:54 AM +07 2026
	doable: EVALUATION:test:input-from-sgm
	executing /home/lawun330/Desktop/basic-statistical-machine-translation/baseline/my-ph/steps/1/EVALUATION_test_input-from-sgm.1 via sh (1 active)
Can't exec "convert": No such file or directory at /home/lawun330/NLP/ubuntu-17.04/moses/scripts/ems/experiment.perl line 1102.
number of steps doable or running: 0 at Thu May 21 03:39:01 AM +07 2026
Can't exec "convert": No such file or directory at /home/lawun330/NLP/ubuntu-17.04/moses/scripts/ems/experiment.perl line 1102.
Unescaped left brace in regex is passed through in regex; marked by <-- HERE in m/^\[([^:]+):{ <-- HERE (\S+)}:(\S+)\]$/ at /home/lawun330/NLP/ubuntu-17.04/moses/scripts/ems/experiment.perl line 626.
STARTING UP AS PROCESS 60835 ON ROG-Strix-Hero-II AT Thu May 21 03:39:01 AM +07 2026
LOAD CONFIG...
working directory is /home/lawun330/Desktop/basic-statistical-machine-translation/baseline/ph-my
find: ‘/home/lawun330/Desktop/basic-statistical-machine-translation/baseline/ph-my/steps’: No such file or directory
running experimental run number 1

ESTABLISH WHICH STEPS NEED TO BE RUN

FIND DEPENDENCIES BETWEEN STEPS

CHECKING IF OLD STEPS ARE RE-USABLE

STEP SUMMARY:
82 EVALUATION:test:input-from-sgm ->	run
76 CORPUS:myg2p-data:clean ->	run
59 LM:myg2p-data:train ->	run
56 LM:myg2p-data:binarize ->	run
55 TRAINING:consolidate ->	run
54 TRAINING:prepare-data ->	run
53 TRAINING:run-giza ->	run
52 TRAINING:run-giza-inverse ->	run
51 TRAINING:symmetrize-giza ->	run
50 TRAINING:build-lex-trans ->	run
47 TRAINING:extract-phrases ->	run
46 TRAINING:build-reordering ->	run
45 TRAINING:build-ttable ->	run
42 TRAINING:create-config ->	run
27 TUNING:filter ->	run
26 TUNING:apply-filter ->	run
25 TUNING:tune ->	run
24 TUNING:apply-weights ->	run
18 EVALUATION:test:filter ->	run
17 EVALUATION:test:apply-filter ->	run
16 EVALUATION:test:decode ->	run
15 EVALUATION:test:remove-markup ->	run
11 EVALUATION:test:wrap ->	run
10 EVALUATION:test:reference-from-sgm ->	run
5 EVALUATION:test:nist-bleu ->	run
4 EVALUATION:test:nist-bleu-c ->	run
3 EVALUATION:test:multi-bleu ->	run
2 EVALUATION:test:analysis-coverage ->	run
1 EVALUATION:test:analysis-precision ->	run
0 REPORTING:report ->	run
Can't exec "convert": No such file or directory at /home/lawun330/NLP/ubuntu-17.04/moses/scripts/ems/experiment.perl line 176.
Can't exec "convert": No such file or directory at /home/lawun330/NLP/ubuntu-17.04/moses/scripts/ems/experiment.perl line 1102.

EXECUTE STEPS
number of steps doable or running: 4 at Thu May 21 03:39:01 AM +07 2026
	doable: CORPUS:myg2p-data:clean
	doable: LM:myg2p-data:train
	doable: EVALUATION:test:reference-from-sgm
	doable: EVALUATION:test:input-from-sgm
	executing /home/lawun330/Desktop/basic-statistical-machine-translation/baseline/ph-my/steps/1/CORPUS_myg2p-data_clean.1 via sh (1 active)
	executing /home/lawun330/Desktop/basic-statistical-machine-translation/baseline/ph-my/steps/1/LM_myg2p-data_train.1 via sh (2 active)
Can't exec "convert": No such file or directory at /home/lawun330/NLP/ubuntu-17.04/moses/scripts/ems/experiment.perl line 1102.
number of steps doable or running: 4 at Thu May 21 03:39:13 AM +07 2026
	doable: EVALUATION:test:input-from-sgm
	doable: LM:myg2p-data:binarize
	doable: EVALUATION:test:reference-from-sgm
	doable: TRAINING:consolidate
	executing /home/lawun330/Desktop/basic-statistical-machine-translation/baseline/ph-my/steps/1/EVALUATION_test_input-from-sgm.1 via sh (1 active)
	executing /home/lawun330/Desktop/basic-statistical-machine-translation/baseline/ph-my/steps/1/LM_myg2p-data_binarize.1 via sh (2 active)
Can't exec "convert": No such file or directory at /home/lawun330/NLP/ubuntu-17.04/moses/scripts/ems/experiment.perl line 1102.
number of steps doable or running: 2 at Thu May 21 03:39:25 AM +07 2026
	doable: TRAINING:consolidate
	doable: EVALUATION:test:reference-from-sgm
	executing /home/lawun330/Desktop/basic-statistical-machine-translation/baseline/ph-my/steps/1/TRAINING_consolidate.1 via sh (1 active)
	executing /home/lawun330/Desktop/basic-statistical-machine-translation/baseline/ph-my/steps/1/EVALUATION_test_reference-from-sgm.1 via sh (2 active)
Can't exec "convert": No such file or directory at /home/lawun330/NLP/ubuntu-17.04/moses/scripts/ems/experiment.perl line 1102.
number of steps doable or running: 1 at Thu May 21 03:39:37 AM +07 2026
	doable: TRAINING:prepare-data
	executing /home/lawun330/Desktop/basic-statistical-machine-translation/baseline/ph-my/steps/1/TRAINING_prepare-data.1 via sh (1 active)
Can't exec "convert": No such file or directory at /home/lawun330/NLP/ubuntu-17.04/moses/scripts/ems/experiment.perl line 1102.
step TRAINING:prepare-data crashed
number of steps doable or running: 0 at Thu May 21 03:39:44 AM +07 2026
Can't exec "convert": No such file or directory at /home/lawun330/NLP/ubuntu-17.04/moses/scripts/ems/experiment.perl line 1102.
Unescaped left brace in regex is passed through in regex; marked by <-- HERE in m/^\[([^:]+):{ <-- HERE (\S+)}:(\S+)\]$/ at /home/lawun330/NLP/ubuntu-17.04/moses/scripts/ems/experiment.perl line 626.
STARTING UP AS PROCESS 62347 ON ROG-Strix-Hero-II AT Thu May 21 04:05:05 AM +07 2026
LOAD CONFIG...
working directory is /home/lawun330/Desktop/basic-statistical-machine-translation/baseline/my-ph
running experimental run number 2

ESTABLISH WHICH STEPS NEED TO BE RUN

FIND DEPENDENCIES BETWEEN STEPS

CHECKING IF OLD STEPS ARE RE-USABLE

STEP SUMMARY:
82 EVALUATION:test:input-from-sgm ->	re-using (1)
76 CORPUS:myg2p-data:clean ->	re-using (1)
59 LM:myg2p-data:train ->	re-using (1)
56 LM:myg2p-data:binarize ->	re-using (1)
55 TRAINING:consolidate ->	re-using (1)
54 TRAINING:prepare-data ->	run
53 TRAINING:run-giza ->	run
52 TRAINING:run-giza-inverse ->	run
51 TRAINING:symmetrize-giza ->	run
50 TRAINING:build-lex-trans ->	run
47 TRAINING:extract-phrases ->	run
46 TRAINING:build-reordering ->	run
45 TRAINING:build-ttable ->	run
42 TRAINING:create-config ->	run
27 TUNING:filter ->	run
26 TUNING:apply-filter ->	run
25 TUNING:tune ->	run
24 TUNING:apply-weights ->	run
18 EVALUATION:test:filter ->	run
17 EVALUATION:test:apply-filter ->	run
16 EVALUATION:test:decode ->	run
15 EVALUATION:test:remove-markup ->	run
11 EVALUATION:test:wrap ->	run
10 EVALUATION:test:reference-from-sgm ->	re-using (1)
5 EVALUATION:test:nist-bleu ->	run
4 EVALUATION:test:nist-bleu-c ->	run
3 EVALUATION:test:multi-bleu ->	run
2 EVALUATION:test:analysis-coverage ->	run
1 EVALUATION:test:analysis-precision ->	run
0 REPORTING:report ->	run
Can't exec "convert": No such file or directory at /home/lawun330/NLP/ubuntu-17.04/moses/scripts/ems/experiment.perl line 176.
Can't exec "convert": No such file or directory at /home/lawun330/NLP/ubuntu-17.04/moses/scripts/ems/experiment.perl line 1102.

EXECUTE STEPS
number of steps doable or running: 1 at Thu May 21 04:05:05 AM +07 2026
	doable: TRAINING:prepare-data
	executing /home/lawun330/Desktop/basic-statistical-machine-translation/baseline/my-ph/steps/2/TRAINING_prepare-data.2 via sh (1 active)
Can't exec "convert": No such file or directory at /home/lawun330/NLP/ubuntu-17.04/moses/scripts/ems/experiment.perl line 1102.
number of steps doable or running: 2 at Thu May 21 04:05:14 AM +07 2026
	doable: TRAINING:run-giza-inverse
	doable: TRAINING:run-giza
	executing /home/lawun330/Desktop/basic-statistical-machine-translation/baseline/my-ph/steps/2/TRAINING_run-giza-inverse.2 via sh (1 active)
	executing /home/lawun330/Desktop/basic-statistical-machine-translation/baseline/my-ph/steps/2/TRAINING_run-giza.2 via sh (2 active)
Can't exec "convert": No such file or directory at /home/lawun330/NLP/ubuntu-17.04/moses/scripts/ems/experiment.perl line 1102.
number of steps doable or running: 1 at Thu May 21 04:05:26 AM +07 2026
	doable: TRAINING:symmetrize-giza
	executing /home/lawun330/Desktop/basic-statistical-machine-translation/baseline/my-ph/steps/2/TRAINING_symmetrize-giza.2 via sh (1 active)
Can't exec "convert": No such file or directory at /home/lawun330/NLP/ubuntu-17.04/moses/scripts/ems/experiment.perl line 1102.
number of steps doable or running: 2 at Thu May 21 04:05:33 AM +07 2026
	doable: TRAINING:extract-phrases
	doable: TRAINING:build-lex-trans
	executing /home/lawun330/Desktop/basic-statistical-machine-translation/baseline/my-ph/steps/2/TRAINING_extract-phrases.2 via sh (1 active)
	executing /home/lawun330/Desktop/basic-statistical-machine-translation/baseline/my-ph/steps/2/TRAINING_build-lex-trans.2 via sh (2 active)
Can't exec "convert": No such file or directory at /home/lawun330/NLP/ubuntu-17.04/moses/scripts/ems/experiment.perl line 1102.
number of steps doable or running: 2 at Thu May 21 04:05:45 AM +07 2026
	doable: TRAINING:build-reordering
	doable: TRAINING:build-ttable
	executing /home/lawun330/Desktop/basic-statistical-machine-translation/baseline/my-ph/steps/2/TRAINING_build-reordering.2 via sh (1 active)
	executing /home/lawun330/Desktop/basic-statistical-machine-translation/baseline/my-ph/steps/2/TRAINING_build-ttable.2 via sh (2 active)
Can't exec "convert": No such file or directory at /home/lawun330/NLP/ubuntu-17.04/moses/scripts/ems/experiment.perl line 1102.
number of steps doable or running: 4 at Thu May 21 04:05:57 AM +07 2026
	doable: TUNING:filter
	doable: EVALUATION:test:filter
	doable: TRAINING:create-config
	doable: EVALUATION:test:analysis-coverage
	executing /home/lawun330/Desktop/basic-statistical-machine-translation/baseline/my-ph/steps/2/TUNING_filter.2 via sh (1 active)
	executing /home/lawun330/Desktop/basic-statistical-machine-translation/baseline/my-ph/steps/2/EVALUATION_test_filter.2 via sh (2 active)
Can't exec "convert": No such file or directory at /home/lawun330/NLP/ubuntu-17.04/moses/scripts/ems/experiment.perl line 1102.
number of steps doable or running: 2 at Thu May 21 04:06:09 AM +07 2026
	doable: TRAINING:create-config
	doable: EVALUATION:test:analysis-coverage
	executing /home/lawun330/Desktop/basic-statistical-machine-translation/baseline/my-ph/steps/2/TRAINING_create-config.2 via sh (1 active)
	executing /home/lawun330/Desktop/basic-statistical-machine-translation/baseline/my-ph/steps/2/EVALUATION_test_analysis-coverage.2 via sh (2 active)
Can't exec "convert": No such file or directory at /home/lawun330/NLP/ubuntu-17.04/moses/scripts/ems/experiment.perl line 1102.
number of steps doable or running: 1 at Thu May 21 04:06:21 AM +07 2026
	doable: TUNING:apply-filter
	executing /home/lawun330/Desktop/basic-statistical-machine-translation/baseline/my-ph/steps/2/TUNING_apply-filter.2 via sh (1 active)
Can't exec "convert": No such file or directory at /home/lawun330/NLP/ubuntu-17.04/moses/scripts/ems/experiment.perl line 1102.
number of steps doable or running: 1 at Thu May 21 04:06:28 AM +07 2026
	doable: TUNING:tune
	executing /home/lawun330/Desktop/basic-statistical-machine-translation/baseline/my-ph/steps/2/TUNING_tune.2 via sh (1 active)
Can't exec "convert": No such file or directory at /home/lawun330/NLP/ubuntu-17.04/moses/scripts/ems/experiment.perl line 1102.
number of steps doable or running: 1 at Thu May 21 04:08:52 AM +07 2026
	doable: TUNING:apply-weights
	executing /home/lawun330/Desktop/basic-statistical-machine-translation/baseline/my-ph/steps/2/TUNING_apply-weights.2 via sh (1 active)
Can't exec "convert": No such file or directory at /home/lawun330/NLP/ubuntu-17.04/moses/scripts/ems/experiment.perl line 1102.
number of steps doable or running: 1 at Thu May 21 04:08:59 AM +07 2026
	doable: EVALUATION:test:apply-filter
	executing /home/lawun330/Desktop/basic-statistical-machine-translation/baseline/my-ph/steps/2/EVALUATION_test_apply-filter.2 via sh (1 active)
Can't exec "convert": No such file or directory at /home/lawun330/NLP/ubuntu-17.04/moses/scripts/ems/experiment.perl line 1102.
number of steps doable or running: 1 at Thu May 21 04:09:06 AM +07 2026
	doable: EVALUATION:test:decode
	executing /home/lawun330/Desktop/basic-statistical-machine-translation/baseline/my-ph/steps/2/EVALUATION_test_decode.2 via sh (1 active)
Can't exec "convert": No such file or directory at /home/lawun330/NLP/ubuntu-17.04/moses/scripts/ems/experiment.perl line 1102.
number of steps doable or running: 1 at Thu May 21 04:09:15 AM +07 2026
	doable: EVALUATION:test:remove-markup
	executing /home/lawun330/Desktop/basic-statistical-machine-translation/baseline/my-ph/steps/2/EVALUATION_test_remove-markup.2 via sh (1 active)
Can't exec "convert": No such file or directory at /home/lawun330/NLP/ubuntu-17.04/moses/scripts/ems/experiment.perl line 1102.
number of steps doable or running: 3 at Thu May 21 04:09:22 AM +07 2026
	doable: EVALUATION:test:wrap
	doable: EVALUATION:test:analysis-precision
	doable: EVALUATION:test:multi-bleu
	executing /home/lawun330/Desktop/basic-statistical-machine-translation/baseline/my-ph/steps/2/EVALUATION_test_wrap.2 via sh (1 active)
	executing /home/lawun330/Desktop/basic-statistical-machine-translation/baseline/my-ph/steps/2/EVALUATION_test_analysis-precision.2 via sh (2 active)
Can't exec "convert": No such file or directory at /home/lawun330/NLP/ubuntu-17.04/moses/scripts/ems/experiment.perl line 1102.
number of steps doable or running: 3 at Thu May 21 04:09:34 AM +07 2026
	doable: EVALUATION:test:nist-bleu
	doable: EVALUATION:test:multi-bleu
	doable: EVALUATION:test:nist-bleu-c
	executing /home/lawun330/Desktop/basic-statistical-machine-translation/baseline/my-ph/steps/2/EVALUATION_test_nist-bleu.2 via sh (1 active)
	executing /home/lawun330/Desktop/basic-statistical-machine-translation/baseline/my-ph/steps/2/EVALUATION_test_multi-bleu.2 via sh (2 active)
Can't exec "convert": No such file or directory at /home/lawun330/NLP/ubuntu-17.04/moses/scripts/ems/experiment.perl line 1102.
step EVALUATION:test:nist-bleu crashed
number of steps doable or running: 1 at Thu May 21 04:09:46 AM +07 2026
	doable: EVALUATION:test:nist-bleu-c
	executing /home/lawun330/Desktop/basic-statistical-machine-translation/baseline/my-ph/steps/2/EVALUATION_test_nist-bleu-c.2 via sh (1 active)
Can't exec "convert": No such file or directory at /home/lawun330/NLP/ubuntu-17.04/moses/scripts/ems/experiment.perl line 1102.
step EVALUATION:test:nist-bleu-c crashed
number of steps doable or running: 0 at Thu May 21 04:09:53 AM +07 2026
Can't exec "convert": No such file or directory at /home/lawun330/NLP/ubuntu-17.04/moses/scripts/ems/experiment.perl line 1102.
Unescaped left brace in regex is passed through in regex; marked by <-- HERE in m/^\[([^:]+):{ <-- HERE (\S+)}:(\S+)\]$/ at /home/lawun330/NLP/ubuntu-17.04/moses/scripts/ems/experiment.perl line 626.
STARTING UP AS PROCESS 63674 ON ROG-Strix-Hero-II AT Thu May 21 04:09:53 AM +07 2026
LOAD CONFIG...
working directory is /home/lawun330/Desktop/basic-statistical-machine-translation/baseline/ph-my
running experimental run number 2

ESTABLISH WHICH STEPS NEED TO BE RUN

FIND DEPENDENCIES BETWEEN STEPS

CHECKING IF OLD STEPS ARE RE-USABLE

STEP SUMMARY:
82 EVALUATION:test:input-from-sgm ->	re-using (1)
76 CORPUS:myg2p-data:clean ->	re-using (1)
59 LM:myg2p-data:train ->	re-using (1)
56 LM:myg2p-data:binarize ->	re-using (1)
55 TRAINING:consolidate ->	re-using (1)
54 TRAINING:prepare-data ->	run
53 TRAINING:run-giza ->	run
52 TRAINING:run-giza-inverse ->	run
51 TRAINING:symmetrize-giza ->	run
50 TRAINING:build-lex-trans ->	run
47 TRAINING:extract-phrases ->	run
46 TRAINING:build-reordering ->	run
45 TRAINING:build-ttable ->	run
42 TRAINING:create-config ->	run
27 TUNING:filter ->	run
26 TUNING:apply-filter ->	run
25 TUNING:tune ->	run
24 TUNING:apply-weights ->	run
18 EVALUATION:test:filter ->	run
17 EVALUATION:test:apply-filter ->	run
16 EVALUATION:test:decode ->	run
15 EVALUATION:test:remove-markup ->	run
11 EVALUATION:test:wrap ->	run
10 EVALUATION:test:reference-from-sgm ->	re-using (1)
5 EVALUATION:test:nist-bleu ->	run
4 EVALUATION:test:nist-bleu-c ->	run
3 EVALUATION:test:multi-bleu ->	run
2 EVALUATION:test:analysis-coverage ->	run
1 EVALUATION:test:analysis-precision ->	run
0 REPORTING:report ->	run
Can't exec "convert": No such file or directory at /home/lawun330/NLP/ubuntu-17.04/moses/scripts/ems/experiment.perl line 176.
Can't exec "convert": No such file or directory at /home/lawun330/NLP/ubuntu-17.04/moses/scripts/ems/experiment.perl line 1102.

EXECUTE STEPS
number of steps doable or running: 1 at Thu May 21 04:09:53 AM +07 2026
	doable: TRAINING:prepare-data
	executing /home/lawun330/Desktop/basic-statistical-machine-translation/baseline/ph-my/steps/2/TRAINING_prepare-data.2 via sh (1 active)
Can't exec "convert": No such file or directory at /home/lawun330/NLP/ubuntu-17.04/moses/scripts/ems/experiment.perl line 1102.
number of steps doable or running: 2 at Thu May 21 04:10:02 AM +07 2026
	doable: TRAINING:run-giza-inverse
	doable: TRAINING:run-giza
	executing /home/lawun330/Desktop/basic-statistical-machine-translation/baseline/ph-my/steps/2/TRAINING_run-giza-inverse.2 via sh (1 active)
	executing /home/lawun330/Desktop/basic-statistical-machine-translation/baseline/ph-my/steps/2/TRAINING_run-giza.2 via sh (2 active)
Can't exec "convert": No such file or directory at /home/lawun330/NLP/ubuntu-17.04/moses/scripts/ems/experiment.perl line 1102.
number of steps doable or running: 1 at Thu May 21 04:10:14 AM +07 2026
	doable: TRAINING:symmetrize-giza
	executing /home/lawun330/Desktop/basic-statistical-machine-translation/baseline/ph-my/steps/2/TRAINING_symmetrize-giza.2 via sh (1 active)
Can't exec "convert": No such file or directory at /home/lawun330/NLP/ubuntu-17.04/moses/scripts/ems/experiment.perl line 1102.
number of steps doable or running: 2 at Thu May 21 04:10:21 AM +07 2026
	doable: TRAINING:extract-phrases
	doable: TRAINING:build-lex-trans
	executing /home/lawun330/Desktop/basic-statistical-machine-translation/baseline/ph-my/steps/2/TRAINING_extract-phrases.2 via sh (1 active)
	executing /home/lawun330/Desktop/basic-statistical-machine-translation/baseline/ph-my/steps/2/TRAINING_build-lex-trans.2 via sh (2 active)
Can't exec "convert": No such file or directory at /home/lawun330/NLP/ubuntu-17.04/moses/scripts/ems/experiment.perl line 1102.
number of steps doable or running: 2 at Thu May 21 04:10:33 AM +07 2026
	doable: TRAINING:build-reordering
	doable: TRAINING:build-ttable
	executing /home/lawun330/Desktop/basic-statistical-machine-translation/baseline/ph-my/steps/2/TRAINING_build-reordering.2 via sh (1 active)
	executing /home/lawun330/Desktop/basic-statistical-machine-translation/baseline/ph-my/steps/2/TRAINING_build-ttable.2 via sh (2 active)
Can't exec "convert": No such file or directory at /home/lawun330/NLP/ubuntu-17.04/moses/scripts/ems/experiment.perl line 1102.
number of steps doable or running: 4 at Thu May 21 04:10:45 AM +07 2026
	doable: TRAINING:create-config
	doable: TUNING:filter
	doable: EVALUATION:test:analysis-coverage
	doable: EVALUATION:test:filter
	executing /home/lawun330/Desktop/basic-statistical-machine-translation/baseline/ph-my/steps/2/TRAINING_create-config.2 via sh (1 active)
	executing /home/lawun330/Desktop/basic-statistical-machine-translation/baseline/ph-my/steps/2/TUNING_filter.2 via sh (2 active)
Can't exec "convert": No such file or directory at /home/lawun330/NLP/ubuntu-17.04/moses/scripts/ems/experiment.perl line 1102.
number of steps doable or running: 3 at Thu May 21 04:10:58 AM +07 2026
	doable: EVALUATION:test:analysis-coverage
	doable: TUNING:apply-filter
	doable: EVALUATION:test:filter
	executing /home/lawun330/Desktop/basic-statistical-machine-translation/baseline/ph-my/steps/2/EVALUATION_test_analysis-coverage.2 via sh (1 active)
	executing /home/lawun330/Desktop/basic-statistical-machine-translation/baseline/ph-my/steps/2/TUNING_apply-filter.2 via sh (2 active)
Can't exec "convert": No such file or directory at /home/lawun330/NLP/ubuntu-17.04/moses/scripts/ems/experiment.perl line 1102.
number of steps doable or running: 2 at Thu May 21 04:11:10 AM +07 2026
	doable: TUNING:tune
	doable: EVALUATION:test:filter
	executing /home/lawun330/Desktop/basic-statistical-machine-translation/baseline/ph-my/steps/2/TUNING_tune.2 via sh (1 active)
	executing /home/lawun330/Desktop/basic-statistical-machine-translation/baseline/ph-my/steps/2/EVALUATION_test_filter.2 via sh (2 active)
Can't exec "convert": No such file or directory at /home/lawun330/NLP/ubuntu-17.04/moses/scripts/ems/experiment.perl line 1102.
number of steps doable or running: 1 at Thu May 21 04:11:22 AM +07 2026
	running: TUNING:tune
Can't exec "convert": No such file or directory at /home/lawun330/NLP/ubuntu-17.04/moses/scripts/ems/experiment.perl line 1102.
number of steps doable or running: 1 at Thu May 21 04:15:14 AM +07 2026
	doable: TUNING:apply-weights
	executing /home/lawun330/Desktop/basic-statistical-machine-translation/baseline/ph-my/steps/2/TUNING_apply-weights.2 via sh (1 active)
Can't exec "convert": No such file or directory at /home/lawun330/NLP/ubuntu-17.04/moses/scripts/ems/experiment.perl line 1102.
number of steps doable or running: 1 at Thu May 21 04:15:21 AM +07 2026
	doable: EVALUATION:test:apply-filter
	executing /home/lawun330/Desktop/basic-statistical-machine-translation/baseline/ph-my/steps/2/EVALUATION_test_apply-filter.2 via sh (1 active)
Can't exec "convert": No such file or directory at /home/lawun330/NLP/ubuntu-17.04/moses/scripts/ems/experiment.perl line 1102.
number of steps doable or running: 1 at Thu May 21 04:15:28 AM +07 2026
	doable: EVALUATION:test:decode
	executing /home/lawun330/Desktop/basic-statistical-machine-translation/baseline/ph-my/steps/2/EVALUATION_test_decode.2 via sh (1 active)
Can't exec "convert": No such file or directory at /home/lawun330/NLP/ubuntu-17.04/moses/scripts/ems/experiment.perl line 1102.
number of steps doable or running: 1 at Thu May 21 04:15:37 AM +07 2026
	doable: EVALUATION:test:remove-markup
	executing /home/lawun330/Desktop/basic-statistical-machine-translation/baseline/ph-my/steps/2/EVALUATION_test_remove-markup.2 via sh (1 active)
Can't exec "convert": No such file or directory at /home/lawun330/NLP/ubuntu-17.04/moses/scripts/ems/experiment.perl line 1102.
number of steps doable or running: 3 at Thu May 21 04:15:44 AM +07 2026
	doable: EVALUATION:test:wrap
	doable: EVALUATION:test:analysis-precision
	doable: EVALUATION:test:multi-bleu
	executing /home/lawun330/Desktop/basic-statistical-machine-translation/baseline/ph-my/steps/2/EVALUATION_test_wrap.2 via sh (1 active)
	executing /home/lawun330/Desktop/basic-statistical-machine-translation/baseline/ph-my/steps/2/EVALUATION_test_analysis-precision.2 via sh (2 active)
Can't exec "convert": No such file or directory at /home/lawun330/NLP/ubuntu-17.04/moses/scripts/ems/experiment.perl line 1102.
number of steps doable or running: 3 at Thu May 21 04:15:56 AM +07 2026
	doable: EVALUATION:test:nist-bleu
	doable: EVALUATION:test:nist-bleu-c
	doable: EVALUATION:test:multi-bleu
	executing /home/lawun330/Desktop/basic-statistical-machine-translation/baseline/ph-my/steps/2/EVALUATION_test_nist-bleu.2 via sh (1 active)
	executing /home/lawun330/Desktop/basic-statistical-machine-translation/baseline/ph-my/steps/2/EVALUATION_test_nist-bleu-c.2 via sh (2 active)
Can't exec "convert": No such file or directory at /home/lawun330/NLP/ubuntu-17.04/moses/scripts/ems/experiment.perl line 1102.
step EVALUATION:test:nist-bleu crashed
step EVALUATION:test:nist-bleu-c crashed
number of steps doable or running: 1 at Thu May 21 04:16:08 AM +07 2026
	doable: EVALUATION:test:multi-bleu
	executing /home/lawun330/Desktop/basic-statistical-machine-translation/baseline/ph-my/steps/2/EVALUATION_test_multi-bleu.2 via sh (1 active)
Can't exec "convert": No such file or directory at /home/lawun330/NLP/ubuntu-17.04/moses/scripts/ems/experiment.perl line 1102.
number of steps doable or running: 0 at Thu May 21 04:16:15 AM +07 2026
Can't exec "convert": No such file or directory at /home/lawun330/NLP/ubuntu-17.04/moses/scripts/ems/experiment.perl line 1102.
Unescaped left brace in regex is passed through in regex; marked by <-- HERE in m/^\[([^:]+):{ <-- HERE (\S+)}:(\S+)\]$/ at /home/lawun330/NLP/ubuntu-17.04/moses/scripts/ems/experiment.perl line 626.
STARTING UP AS PROCESS 121672 ON ROG-Strix-Hero-II AT Thu May 21 11:52:02 AM +07 2026
LOAD CONFIG...
working directory is /home/lawun330/Desktop/basic-statistical-machine-translation/baseline/my-ph
running experimental run number 3

ESTABLISH WHICH STEPS NEED TO BE RUN

FIND DEPENDENCIES BETWEEN STEPS

CHECKING IF OLD STEPS ARE RE-USABLE

STEP SUMMARY:
82 EVALUATION:test:input-from-sgm ->	re-using (1)
76 CORPUS:myg2p-data:clean ->	re-using (1)
59 LM:myg2p-data:train ->	re-using (1)
56 LM:myg2p-data:binarize ->	re-using (1)
55 TRAINING:consolidate ->	re-using (1)
54 TRAINING:prepare-data ->	re-using (2)
53 TRAINING:run-giza ->	re-using (2)
52 TRAINING:run-giza-inverse ->	re-using (2)
51 TRAINING:symmetrize-giza ->	re-using (2)
50 TRAINING:build-lex-trans ->	re-using (2)
47 TRAINING:extract-phrases ->	re-using (2)
46 TRAINING:build-reordering ->	re-using (2)
45 TRAINING:build-ttable ->	re-using (2)
42 TRAINING:create-config ->	re-using (2)
27 TUNING:filter ->	re-using (2)
26 TUNING:apply-filter ->	re-using (2)
25 TUNING:tune ->	re-using (2)
24 TUNING:apply-weights ->	re-using (2)
18 EVALUATION:test:filter ->	re-using (2)
17 EVALUATION:test:apply-filter ->	re-using (2)
16 EVALUATION:test:decode ->	re-using (2)
15 EVALUATION:test:remove-markup ->	re-using (2)
11 EVALUATION:test:wrap ->	re-using (2)
10 EVALUATION:test:reference-from-sgm ->	re-using (1)
5 EVALUATION:test:nist-bleu ->	run
4 EVALUATION:test:nist-bleu-c ->	run
3 EVALUATION:test:multi-bleu ->	re-using (2)
2 EVALUATION:test:analysis-coverage ->	re-using (2)
1 EVALUATION:test:analysis-precision ->	re-using (2)
0 REPORTING:report ->	run

EXECUTE STEPS
number of steps doable or running: 2 at Thu May 21 11:52:03 AM +07 2026
	doable: EVALUATION:test:nist-bleu
	doable: EVALUATION:test:nist-bleu-c
	executing /home/lawun330/Desktop/basic-statistical-machine-translation/baseline/my-ph/steps/3/EVALUATION_test_nist-bleu.3 via sh (1 active)
	executing /home/lawun330/Desktop/basic-statistical-machine-translation/baseline/my-ph/steps/3/EVALUATION_test_nist-bleu-c.3 via sh (2 active)
number of steps doable or running: 1 at Thu May 21 11:52:15 AM +07 2026
	doable: REPORTING:report
	executing /home/lawun330/Desktop/basic-statistical-machine-translation/baseline/my-ph/steps/3/REPORTING_report.3 via sh (1 active)
number of steps doable or running: 0 at Thu May 21 11:52:22 AM +07 2026
Unescaped left brace in regex is passed through in regex; marked by <-- HERE in m/^\[([^:]+):{ <-- HERE (\S+)}:(\S+)\]$/ at /home/lawun330/NLP/ubuntu-17.04/moses/scripts/ems/experiment.perl line 626.
STARTING UP AS PROCESS 121834 ON ROG-Strix-Hero-II AT Thu May 21 11:52:23 AM +07 2026
LOAD CONFIG...
working directory is /home/lawun330/Desktop/basic-statistical-machine-translation/baseline/ph-my
running experimental run number 3

ESTABLISH WHICH STEPS NEED TO BE RUN

FIND DEPENDENCIES BETWEEN STEPS

CHECKING IF OLD STEPS ARE RE-USABLE

STEP SUMMARY:
82 EVALUATION:test:input-from-sgm ->	re-using (1)
76 CORPUS:myg2p-data:clean ->	re-using (1)
59 LM:myg2p-data:train ->	re-using (1)
56 LM:myg2p-data:binarize ->	re-using (1)
55 TRAINING:consolidate ->	re-using (1)
54 TRAINING:prepare-data ->	re-using (2)
53 TRAINING:run-giza ->	re-using (2)
52 TRAINING:run-giza-inverse ->	re-using (2)
51 TRAINING:symmetrize-giza ->	re-using (2)
50 TRAINING:build-lex-trans ->	re-using (2)
47 TRAINING:extract-phrases ->	re-using (2)
46 TRAINING:build-reordering ->	re-using (2)
45 TRAINING:build-ttable ->	re-using (2)
42 TRAINING:create-config ->	re-using (2)
27 TUNING:filter ->	re-using (2)
26 TUNING:apply-filter ->	re-using (2)
25 TUNING:tune ->	re-using (2)
24 TUNING:apply-weights ->	re-using (2)
18 EVALUATION:test:filter ->	re-using (2)
17 EVALUATION:test:apply-filter ->	re-using (2)
16 EVALUATION:test:decode ->	re-using (2)
15 EVALUATION:test:remove-markup ->	re-using (2)
11 EVALUATION:test:wrap ->	re-using (2)
10 EVALUATION:test:reference-from-sgm ->	re-using (1)
5 EVALUATION:test:nist-bleu ->	run
4 EVALUATION:test:nist-bleu-c ->	run
3 EVALUATION:test:multi-bleu ->	re-using (2)
2 EVALUATION:test:analysis-coverage ->	re-using (2)
1 EVALUATION:test:analysis-precision ->	re-using (2)
0 REPORTING:report ->	run

EXECUTE STEPS
number of steps doable or running: 2 at Thu May 21 11:52:23 AM +07 2026
	doable: EVALUATION:test:nist-bleu-c
	doable: EVALUATION:test:nist-bleu
	executing /home/lawun330/Desktop/basic-statistical-machine-translation/baseline/ph-my/steps/3/EVALUATION_test_nist-bleu-c.3 via sh (1 active)
	executing /home/lawun330/Desktop/basic-statistical-machine-translation/baseline/ph-my/steps/3/EVALUATION_test_nist-bleu.3 via sh (2 active)
number of steps doable or running: 1 at Thu May 21 11:52:36 AM +07 2026
	doable: REPORTING:report
	executing /home/lawun330/Desktop/basic-statistical-machine-translation/baseline/ph-my/steps/3/REPORTING_report.3 via sh (1 active)
number of steps doable or running: 0 at Thu May 21 11:52:43 AM +07 2026
