shard_size = 0 shard_count = 0
Seeding random numbers with system clock 
name: case value: true
Data::m_score_type BLEU
Data::Scorer type from Scorer: BLEU
Loading Data from: run1.scores.dat and run1.features.dat
loading feature data from run1.features.dat
loading score data from run1.scores.dat
Loading Data from: run2.scores.dat and run2.features.dat
loading feature data from run2.features.dat
loading score data from run2.scores.dat
Loading Data from: run3.scores.dat and run3.features.dat
loading feature data from run3.features.dat
loading score data from run3.scores.dat
Loading Data from: run4.scores.dat and run4.features.dat
loading feature data from run4.features.dat
loading score data from run4.scores.dat
Data loaded : [Wall 1.81177 CPU 1.80353] seconds.
Creating a pool of 1 threads
Best point: 0.0560567 0.0912142 0.0882291 0.202166 0.0369633 0.0879129 0.043748 0.0652959 0.192797 0.00843659 0.093152 -0.000830867 0.0277818 0.00541554  => 0.691485
Stopping... : [Wall 49.816 CPU 49.7853] seconds.
