shard_size = 0 shard_count = 0
Seeding random numbers with system clock 
name: case value: true
Data::m_score_type BLEU
Data::Scorer type from Scorer: BLEU
Loading Data from: run1.scores.dat and run1.features.dat
loading feature data from run1.features.dat
loading score data from run1.scores.dat
Loading Data from: run2.scores.dat and run2.features.dat
loading feature data from run2.features.dat
loading score data from run2.scores.dat
Loading Data from: run3.scores.dat and run3.features.dat
loading feature data from run3.features.dat
loading score data from run3.scores.dat
Loading Data from: run4.scores.dat and run4.features.dat
loading feature data from run4.features.dat
loading score data from run4.scores.dat
Data loaded : [Wall 1.59756 CPU 1.59725] seconds.
Creating a pool of 1 threads
Best point: 0.115864 0.211246 0.24106 -0.145335 0.0283814 0.0334955 0.0042544 0.046683 0.00486494 -0.110945 0.00786522 0.0398937 0.00398431 0.00612864  => 0.784986
Stopping... : [Wall 51.1819 CPU 51.17] seconds.
