shard_size = 0 shard_count = 0
Seeding random numbers with system clock 
name: case value: true
Data::m_score_type BLEU
Data::Scorer type from Scorer: BLEU
Loading Data from: run1.scores.dat and run1.features.dat
loading feature data from run1.features.dat
loading score data from run1.scores.dat
Loading Data from: run2.scores.dat and run2.features.dat
loading feature data from run2.features.dat
loading score data from run2.scores.dat
Loading Data from: run3.scores.dat and run3.features.dat
loading feature data from run3.features.dat
loading score data from run3.scores.dat
Loading Data from: run4.scores.dat and run4.features.dat
loading feature data from run4.features.dat
loading score data from run4.scores.dat
Loading Data from: run5.scores.dat and run5.features.dat
loading feature data from run5.features.dat
loading score data from run5.scores.dat
Data loaded : [Wall 1.82342 CPU 1.82306] seconds.
Creating a pool of 1 threads
Best point: 0.20999 0.0787821 0.0390794 0.00688204 0.176418 0.0973198 0.0029959 0.0480646 0.157285 -0.016991 0.108254 -0.0274304 -0.00912721 0.021381  => 0.68558
Stopping... : [Wall 48.8125 CPU 48.8039] seconds.
